// Jest Snapshot v1, https://goo.gl/fbAQLP

exports[`Test custom ingestion nested stack 1`] = `
{
  "Conditions": {
    "AwsCdkKinesisEncryptedStreamsUnsupportedRegions": {
      "Fn::Or": [
        {
          "Fn::Equals": [
            {
              "Ref": "AWS::Region",
            },
            "cn-north-1",
          ],
        },
        {
          "Fn::Equals": [
            {
              "Ref": "AWS::Region",
            },
            "cn-northwest-1",
          ],
        },
      ],
    },
  },
  "Parameters": {
    "AssetParameters06b609286d3cef8655baa6556ea364ad3632a8a91350eb6814e7a4f76151aa95ArtifactHash8AB01F6E": {
      "Description": "Artifact hash for asset "06b609286d3cef8655baa6556ea364ad3632a8a91350eb6814e7a4f76151aa95"",
      "Type": "String",
    },
    "AssetParameters06b609286d3cef8655baa6556ea364ad3632a8a91350eb6814e7a4f76151aa95S3Bucket0AD40E5D": {
      "Description": "S3 bucket for asset "06b609286d3cef8655baa6556ea364ad3632a8a91350eb6814e7a4f76151aa95"",
      "Type": "String",
    },
    "AssetParameters06b609286d3cef8655baa6556ea364ad3632a8a91350eb6814e7a4f76151aa95S3VersionKey82FB54FA": {
      "Description": "S3 key for asset version "06b609286d3cef8655baa6556ea364ad3632a8a91350eb6814e7a4f76151aa95"",
      "Type": "String",
    },
    "AssetParametersb8fe187d9a9cc3c6ff8e44afdba985bbebc0c8fb3b59579b84e1e7b5ba57ee19ArtifactHash08B190B5": {
      "Description": "Artifact hash for asset "b8fe187d9a9cc3c6ff8e44afdba985bbebc0c8fb3b59579b84e1e7b5ba57ee19"",
      "Type": "String",
    },
    "AssetParametersb8fe187d9a9cc3c6ff8e44afdba985bbebc0c8fb3b59579b84e1e7b5ba57ee19S3Bucket56543659": {
      "Description": "S3 bucket for asset "b8fe187d9a9cc3c6ff8e44afdba985bbebc0c8fb3b59579b84e1e7b5ba57ee19"",
      "Type": "String",
    },
    "AssetParametersb8fe187d9a9cc3c6ff8e44afdba985bbebc0c8fb3b59579b84e1e7b5ba57ee19S3VersionKey4F9D62A2": {
      "Description": "S3 key for asset version "b8fe187d9a9cc3c6ff8e44afdba985bbebc0c8fb3b59579b84e1e7b5ba57ee19"",
      "Type": "String",
    },
  },
  "Resources": {
    "BusEA82B648": {
      "Properties": {
        "Name": "Bus",
      },
      "Type": "AWS::Events::EventBus",
    },
    "Stream790BDEE4": {
      "Properties": {
        "RetentionPeriodHours": 24,
        "ShardCount": 1,
        "StreamEncryption": {
          "Fn::If": [
            "AwsCdkKinesisEncryptedStreamsUnsupportedRegions",
            {
              "Ref": "AWS::NoValue",
            },
            {
              "EncryptionType": "KMS",
              "KeyId": "alias/aws/kinesis",
            },
          ],
        },
        "StreamModeDetails": {
          "StreamMode": "PROVISIONED",
        },
      },
      "Type": "AWS::Kinesis::Stream",
    },
    "testS3EventNestedStacktestS3EventNestedStackResource0A9F329B": {
      "DeletionPolicy": "Delete",
      "Properties": {
        "Parameters": {
          "EventBus": {
            "Fn::GetAtt": [
              "BusEA82B648",
              "Arn",
            ],
          },
          "StreamARN": {
            "Fn::GetAtt": [
              "Stream790BDEE4",
              "Arn",
            ],
          },
          "referencetoAssetParametersb8fe187d9a9cc3c6ff8e44afdba985bbebc0c8fb3b59579b84e1e7b5ba57ee19S3Bucket56543659Ref": {
            "Ref": "AssetParametersb8fe187d9a9cc3c6ff8e44afdba985bbebc0c8fb3b59579b84e1e7b5ba57ee19S3Bucket56543659",
          },
          "referencetoAssetParametersb8fe187d9a9cc3c6ff8e44afdba985bbebc0c8fb3b59579b84e1e7b5ba57ee19S3VersionKey4F9D62A2Ref": {
            "Ref": "AssetParametersb8fe187d9a9cc3c6ff8e44afdba985bbebc0c8fb3b59579b84e1e7b5ba57ee19S3VersionKey4F9D62A2",
          },
        },
        "TemplateURL": {
          "Fn::Join": [
            "",
            [
              "https://s3.",
              {
                "Ref": "AWS::Region",
              },
              ".",
              {
                "Ref": "AWS::URLSuffix",
              },
              "/",
              {
                "Ref": "AssetParameters06b609286d3cef8655baa6556ea364ad3632a8a91350eb6814e7a4f76151aa95S3Bucket0AD40E5D",
              },
              "/",
              {
                "Fn::Select": [
                  0,
                  {
                    "Fn::Split": [
                      "||",
                      {
                        "Ref": "AssetParameters06b609286d3cef8655baa6556ea364ad3632a8a91350eb6814e7a4f76151aa95S3VersionKey82FB54FA",
                      },
                    ],
                  },
                ],
              },
              {
                "Fn::Select": [
                  1,
                  {
                    "Fn::Split": [
                      "||",
                      {
                        "Ref": "AssetParameters06b609286d3cef8655baa6556ea364ad3632a8a91350eb6814e7a4f76151aa95S3VersionKey82FB54FA",
                      },
                    ],
                  },
                ],
              },
            ],
          ],
        },
      },
      "Type": "AWS::CloudFormation::Stack",
      "UpdateReplacePolicy": "Delete",
    },
  },
}
`;
