// Jest Snapshot v1, https://goo.gl/fbAQLP

exports[`test workflow stack 1`] = `
Object {
  "Parameters": Object {
    "AssetParameters226db64b7476bf6f3bdc1f3a58e4b7fa8847e6e5b1153700cfe6a1f93914fd38ArtifactHash164AE178": Object {
      "Description": "Artifact hash for asset \\"226db64b7476bf6f3bdc1f3a58e4b7fa8847e6e5b1153700cfe6a1f93914fd38\\"",
      "Type": "String",
    },
    "AssetParameters226db64b7476bf6f3bdc1f3a58e4b7fa8847e6e5b1153700cfe6a1f93914fd38S3Bucket8295A74D": Object {
      "Description": "S3 bucket for asset \\"226db64b7476bf6f3bdc1f3a58e4b7fa8847e6e5b1153700cfe6a1f93914fd38\\"",
      "Type": "String",
    },
    "AssetParameters226db64b7476bf6f3bdc1f3a58e4b7fa8847e6e5b1153700cfe6a1f93914fd38S3VersionKey763B7E1F": Object {
      "Description": "S3 key for asset version \\"226db64b7476bf6f3bdc1f3a58e4b7fa8847e6e5b1153700cfe6a1f93914fd38\\"",
      "Type": "String",
    },
  },
  "Resources": Object {
    "AccessLogD598EBE9": Object {
      "DeletionPolicy": "Retain",
      "Properties": Object {
        "AccessControl": "LogDeliveryWrite",
        "BucketEncryption": Object {
          "ServerSideEncryptionConfiguration": Array [
            Object {
              "ServerSideEncryptionByDefault": Object {
                "SSEAlgorithm": "AES256",
              },
            },
          ],
        },
        "PublicAccessBlockConfiguration": Object {
          "BlockPublicAcls": true,
          "BlockPublicPolicy": true,
          "IgnorePublicAcls": true,
          "RestrictPublicBuckets": true,
        },
      },
      "Type": "AWS::S3::Bucket",
      "UpdateReplacePolicy": "Retain",
    },
    "TestBucket560B80BC": Object {
      "DeletionPolicy": "Retain",
      "Type": "AWS::S3::Bucket",
      "UpdateReplacePolicy": "Retain",
    },
    "TestDBEntityTable4DC8B26D": Object {
      "Properties": Object {
        "CatalogId": Object {
          "Ref": "AWS::AccountId",
        },
        "DatabaseName": Object {
          "Ref": "TestDBTweetDBAFCEF20F",
        },
        "TableInput": Object {
          "Description": "entity generated by CDK",
          "Name": "entity",
          "Parameters": Object {
            "classification": "parquet",
            "has_encrypted_data": false,
          },
          "PartitionKeys": Array [
            Object {
              "Name": "created_at",
              "Type": "timestamp",
            },
          ],
          "StorageDescriptor": Object {
            "Columns": Array [
              Object {
                "Name": "account_name",
                "Type": "string",
              },
              Object {
                "Name": "platform",
                "Type": "string",
              },
              Object {
                "Name": "search_query",
                "Type": "string",
              },
              Object {
                "Name": "id_str",
                "Type": "string",
              },
              Object {
                "Name": "text",
                "Type": "string",
              },
              Object {
                "Name": "translated_text",
                "Type": "string",
              },
              Object {
                "Name": "entity_text",
                "Type": "string",
              },
              Object {
                "Name": "entity_type",
                "Type": "string",
              },
              Object {
                "Name": "entity_score",
                "Type": "double",
              },
              Object {
                "Name": "entity_begin_offset",
                "Type": "int",
              },
              Object {
                "Name": "entity_end_offset",
                "Type": "int",
              },
            ],
            "Compressed": false,
            "InputFormat": "org.apache.hadoop.hive.ql.io.parquet.MapredParquetInputFormat",
            "Location": Object {
              "Fn::Join": Array [
                "",
                Array [
                  "s3://",
                  Object {
                    "Ref": "TestBucket560B80BC",
                  },
                  "/entity/",
                ],
              ],
            },
            "OutputFormat": "org.apache.hadoop.hive.ql.io.parquet.MapredParquetOutputFormat",
            "SerdeInfo": Object {
              "SerializationLibrary": "org.apache.hadoop.hive.ql.io.parquet.serde.ParquetHiveSerDe",
            },
            "StoredAsSubDirectories": true,
          },
          "TableType": "EXTERNAL_TABLE",
        },
      },
      "Type": "AWS::Glue::Table",
    },
    "TestDBGlueSecConfig0DDD9B15": Object {
      "Properties": Object {
        "EncryptionConfiguration": Object {
          "CloudWatchEncryption": Object {
            "CloudWatchEncryptionMode": "SSE-KMS",
            "KmsKeyArn": Object {
              "Fn::Join": Array [
                "",
                Array [
                  "arn:",
                  Object {
                    "Ref": "AWS::Partition",
                  },
                  ":kms:",
                  Object {
                    "Ref": "AWS::Region",
                  },
                  ":",
                  Object {
                    "Ref": "AWS::AccountId",
                  },
                  ":alias/aws/glue",
                ],
              ],
            },
          },
          "JobBookmarksEncryption": Object {
            "JobBookmarksEncryptionMode": "CSE-KMS",
            "KmsKeyArn": Object {
              "Fn::Join": Array [
                "",
                Array [
                  "arn:",
                  Object {
                    "Ref": "AWS::Partition",
                  },
                  ":kms:",
                  Object {
                    "Ref": "AWS::Region",
                  },
                  ":",
                  Object {
                    "Ref": "AWS::AccountId",
                  },
                  ":alias/aws/glue",
                ],
              ],
            },
          },
          "S3Encryptions": Array [
            Object {
              "S3EncryptionMode": "SSE-S3",
            },
          ],
        },
        "Name": "socialmediadb-sec-config",
      },
      "Type": "AWS::Glue::SecurityConfiguration",
    },
    "TestDBHotTopicsDBCustomResource25466B42": Object {
      "DeletionPolicy": "Delete",
      "DependsOn": Array [
        "TestDBEntityTable4DC8B26D",
        "TestDBKeyPhraseTable22CDC136",
        "TestDBModerationLabelsTable30B5D54D",
        "TestDBTopicMappingsTopicsTable184F8511",
        "TestDBTopicsTable8087CEDA",
        "TestDBTwitterTwitterRecord12D303B8",
        "TestDBTxtInImgEntityImgTxtEntityTableA67792FB",
        "TestDBTxtInImgKeyPhraseImgTxtKeyPhraseTable1BD0A14B",
        "TestDBTxtInImgSentimentImgTxtSentimentTable1F146A93",
      ],
      "Properties": Object {
        "ServiceToken": Object {
          "Fn::GetAtt": Array [
            "TestDBHotTopicsDBLambdaFunction06F2B747",
            "Arn",
          ],
        },
      },
      "Type": "Custom::CreatePartition",
      "UpdateReplacePolicy": "Delete",
    },
    "TestDBHotTopicsDBLambdaFunction06F2B747": Object {
      "DependsOn": Array [
        "TestDBEntityTable4DC8B26D",
        "TestDBHotTopicsDBLambdaFunctionServiceRoleDefaultPolicyDBF96BAD",
        "TestDBHotTopicsDBLambdaFunctionServiceRole6D366CAF",
        "TestDBHotTopicsDBLambdaGlue19D3D9B1",
        "TestDBKeyPhraseTable22CDC136",
        "TestDBModerationLabelsTable30B5D54D",
        "TestDBTopicMappingsTopicsTable184F8511",
        "TestDBTopicsTable8087CEDA",
        "TestDBTwitterTwitterRecord12D303B8",
        "TestDBTxtInImgEntityImgTxtEntityTableA67792FB",
        "TestDBTxtInImgKeyPhraseImgTxtKeyPhraseTable1BD0A14B",
        "TestDBTxtInImgSentimentImgTxtSentimentTable1F146A93",
      ],
      "Metadata": Object {
        "cfn_nag": Object {
          "rules_to_suppress": Array [
            Object {
              "id": "W58",
              "reason": "Lambda functions has the required permission to write CloudWatch Logs. It uses custom policy instead of arn:aws:iam::aws:policy/service-role/AWSLambdaBasicExecutionRole with more tighter permissions.",
            },
          ],
        },
      },
      "Properties": Object {
        "Code": Object {
          "S3Bucket": Object {
            "Ref": "AssetParameters226db64b7476bf6f3bdc1f3a58e4b7fa8847e6e5b1153700cfe6a1f93914fd38S3Bucket8295A74D",
          },
          "S3Key": Object {
            "Fn::Join": Array [
              "",
              Array [
                Object {
                  "Fn::Select": Array [
                    0,
                    Object {
                      "Fn::Split": Array [
                        "||",
                        Object {
                          "Ref": "AssetParameters226db64b7476bf6f3bdc1f3a58e4b7fa8847e6e5b1153700cfe6a1f93914fd38S3VersionKey763B7E1F",
                        },
                      ],
                    },
                  ],
                },
                Object {
                  "Fn::Select": Array [
                    1,
                    Object {
                      "Fn::Split": Array [
                        "||",
                        Object {
                          "Ref": "AssetParameters226db64b7476bf6f3bdc1f3a58e4b7fa8847e6e5b1153700cfe6a1f93914fd38S3VersionKey763B7E1F",
                        },
                      ],
                    },
                  ],
                },
              ],
            ],
          },
        },
        "Description": "Lambda function to create parition on glue tables",
        "Environment": Object {
          "Variables": Object {
            "AWS_NODEJS_CONNECTION_REUSE_ENABLED": "1",
            "DATABASE_NAME": Object {
              "Ref": "TestDBTweetDBAFCEF20F",
            },
            "TABLE_NAMES": "sentiment,entity,keyphrase,topics,topic-mappings,txtinimgentity,txtinimgsentiment,txtinimgkeyphrase,moderationlabels",
          },
        },
        "Handler": "index.handler",
        "Role": Object {
          "Fn::GetAtt": Array [
            "TestDBHotTopicsDBLambdaFunctionServiceRole6D366CAF",
            "Arn",
          ],
        },
        "Runtime": "nodejs12.x",
        "Timeout": 300,
        "TracingConfig": Object {
          "Mode": "Active",
        },
      },
      "Type": "AWS::Lambda::Function",
    },
    "TestDBHotTopicsDBLambdaFunctionLambdaInvokePermission3FCCE8FD": Object {
      "DependsOn": Array [
        "TestDBEntityTable4DC8B26D",
        "TestDBHotTopicsDBLambdaGlue19D3D9B1",
        "TestDBKeyPhraseTable22CDC136",
        "TestDBModerationLabelsTable30B5D54D",
        "TestDBTopicMappingsTopicsTable184F8511",
        "TestDBTopicsTable8087CEDA",
        "TestDBTwitterTwitterRecord12D303B8",
        "TestDBTxtInImgEntityImgTxtEntityTableA67792FB",
        "TestDBTxtInImgKeyPhraseImgTxtKeyPhraseTable1BD0A14B",
        "TestDBTxtInImgSentimentImgTxtSentimentTable1F146A93",
      ],
      "Properties": Object {
        "Action": "lambda:InvokeFunction",
        "FunctionName": Object {
          "Fn::GetAtt": Array [
            "TestDBHotTopicsDBLambdaFunction06F2B747",
            "Arn",
          ],
        },
        "Principal": "events.amazonaws.com",
        "SourceArn": Object {
          "Fn::GetAtt": Array [
            "TestDBHotTopicsDBNightlyCreateParitionEventsRule5A6F3369",
            "Arn",
          ],
        },
      },
      "Type": "AWS::Lambda::Permission",
    },
    "TestDBHotTopicsDBLambdaFunctionServiceRole6D366CAF": Object {
      "DependsOn": Array [
        "TestDBEntityTable4DC8B26D",
        "TestDBKeyPhraseTable22CDC136",
        "TestDBModerationLabelsTable30B5D54D",
        "TestDBTopicMappingsTopicsTable184F8511",
        "TestDBTopicsTable8087CEDA",
        "TestDBTwitterTwitterRecord12D303B8",
        "TestDBTxtInImgEntityImgTxtEntityTableA67792FB",
        "TestDBTxtInImgKeyPhraseImgTxtKeyPhraseTable1BD0A14B",
        "TestDBTxtInImgSentimentImgTxtSentimentTable1F146A93",
      ],
      "Properties": Object {
        "AssumeRolePolicyDocument": Object {
          "Statement": Array [
            Object {
              "Action": "sts:AssumeRole",
              "Effect": "Allow",
              "Principal": Object {
                "Service": "lambda.amazonaws.com",
              },
            },
          ],
          "Version": "2012-10-17",
        },
        "Policies": Array [
          Object {
            "PolicyDocument": Object {
              "Statement": Array [
                Object {
                  "Action": Array [
                    "logs:CreateLogGroup",
                    "logs:CreateLogStream",
                    "logs:PutLogEvents",
                  ],
                  "Effect": "Allow",
                  "Resource": Object {
                    "Fn::Join": Array [
                      "",
                      Array [
                        "arn:",
                        Object {
                          "Ref": "AWS::Partition",
                        },
                        ":logs:",
                        Object {
                          "Ref": "AWS::Region",
                        },
                        ":",
                        Object {
                          "Ref": "AWS::AccountId",
                        },
                        ":log-group:/aws/lambda/*",
                      ],
                    ],
                  },
                },
              ],
              "Version": "2012-10-17",
            },
            "PolicyName": "LambdaFunctionServiceRolePolicy",
          },
        ],
      },
      "Type": "AWS::IAM::Role",
    },
    "TestDBHotTopicsDBLambdaFunctionServiceRoleDefaultPolicyDBF96BAD": Object {
      "DependsOn": Array [
        "TestDBEntityTable4DC8B26D",
        "TestDBKeyPhraseTable22CDC136",
        "TestDBModerationLabelsTable30B5D54D",
        "TestDBTopicMappingsTopicsTable184F8511",
        "TestDBTopicsTable8087CEDA",
        "TestDBTwitterTwitterRecord12D303B8",
        "TestDBTxtInImgEntityImgTxtEntityTableA67792FB",
        "TestDBTxtInImgKeyPhraseImgTxtKeyPhraseTable1BD0A14B",
        "TestDBTxtInImgSentimentImgTxtSentimentTable1F146A93",
      ],
      "Metadata": Object {
        "cfn_nag": Object {
          "rules_to_suppress": Array [
            Object {
              "id": "W12",
              "reason": "Lambda needs the following minimum required permissions to send trace data to X-Ray and access ENIs in a VPC.",
            },
          ],
        },
      },
      "Properties": Object {
        "PolicyDocument": Object {
          "Statement": Array [
            Object {
              "Action": Array [
                "xray:PutTraceSegments",
                "xray:PutTelemetryRecords",
              ],
              "Effect": "Allow",
              "Resource": "*",
            },
            Object {
              "Action": Array [
                "s3:GetObject*",
                "s3:GetBucket*",
                "s3:List*",
                "s3:DeleteObject*",
                "s3:PutObject*",
                "s3:Abort*",
              ],
              "Effect": "Allow",
              "Resource": Array [
                Object {
                  "Fn::GetAtt": Array [
                    "TestBucket560B80BC",
                    "Arn",
                  ],
                },
                Object {
                  "Fn::Join": Array [
                    "",
                    Array [
                      Object {
                        "Fn::GetAtt": Array [
                          "TestBucket560B80BC",
                          "Arn",
                        ],
                      },
                      "/*",
                    ],
                  ],
                },
              ],
            },
          ],
          "Version": "2012-10-17",
        },
        "PolicyName": "TestDBHotTopicsDBLambdaFunctionServiceRoleDefaultPolicyDBF96BAD",
        "Roles": Array [
          Object {
            "Ref": "TestDBHotTopicsDBLambdaFunctionServiceRole6D366CAF",
          },
        ],
      },
      "Type": "AWS::IAM::Policy",
    },
    "TestDBHotTopicsDBLambdaGlue19D3D9B1": Object {
      "DependsOn": Array [
        "TestDBEntityTable4DC8B26D",
        "TestDBKeyPhraseTable22CDC136",
        "TestDBModerationLabelsTable30B5D54D",
        "TestDBTopicMappingsTopicsTable184F8511",
        "TestDBTopicsTable8087CEDA",
        "TestDBTwitterTwitterRecord12D303B8",
        "TestDBTxtInImgEntityImgTxtEntityTableA67792FB",
        "TestDBTxtInImgKeyPhraseImgTxtKeyPhraseTable1BD0A14B",
        "TestDBTxtInImgSentimentImgTxtSentimentTable1F146A93",
      ],
      "Properties": Object {
        "PolicyDocument": Object {
          "Statement": Array [
            Object {
              "Action": Array [
                "glue:GetPartition",
                "glue:GetTable",
                "glue:CreatePartition",
              ],
              "Effect": "Allow",
              "Resource": Array [
                Object {
                  "Fn::Join": Array [
                    "",
                    Array [
                      "arn:",
                      Object {
                        "Ref": "AWS::Partition",
                      },
                      ":glue:",
                      Object {
                        "Ref": "AWS::Region",
                      },
                      ":",
                      Object {
                        "Ref": "AWS::AccountId",
                      },
                      ":table/",
                      Object {
                        "Ref": "TestDBTweetDBAFCEF20F",
                      },
                      "/*",
                    ],
                  ],
                },
                Object {
                  "Fn::Join": Array [
                    "",
                    Array [
                      "arn:",
                      Object {
                        "Ref": "AWS::Partition",
                      },
                      ":glue:",
                      Object {
                        "Ref": "AWS::Region",
                      },
                      ":",
                      Object {
                        "Ref": "AWS::AccountId",
                      },
                      ":database/",
                      Object {
                        "Ref": "TestDBTweetDBAFCEF20F",
                      },
                    ],
                  ],
                },
                Object {
                  "Fn::Join": Array [
                    "",
                    Array [
                      "arn:",
                      Object {
                        "Ref": "AWS::Partition",
                      },
                      ":glue:",
                      Object {
                        "Ref": "AWS::Region",
                      },
                      ":",
                      Object {
                        "Ref": "AWS::AccountId",
                      },
                      ":catalog",
                    ],
                  ],
                },
              ],
            },
            Object {
              "Action": "kms:Decrypt",
              "Effect": "Allow",
              "Resource": Object {
                "Fn::Join": Array [
                  "",
                  Array [
                    "arn:",
                    Object {
                      "Ref": "AWS::Partition",
                    },
                    ":kms:",
                    Object {
                      "Ref": "AWS::Region",
                    },
                    ":",
                    Object {
                      "Ref": "AWS::AccountId",
                    },
                    ":alias/aws/glue",
                  ],
                ],
              },
            },
            Object {
              "Action": Array [
                "logs:CreateLogGroup",
                "logs:CreateLogStream",
                "logs:PutLogEvents",
              ],
              "Effect": "Allow",
              "Resource": Object {
                "Fn::Join": Array [
                  "",
                  Array [
                    "arn:",
                    Object {
                      "Ref": "AWS::Partition",
                    },
                    ":logs:",
                    Object {
                      "Ref": "AWS::Region",
                    },
                    ":",
                    Object {
                      "Ref": "AWS::AccountId",
                    },
                    ":/aws-glue/*",
                  ],
                ],
              },
            },
          ],
          "Version": "2012-10-17",
        },
        "PolicyName": "TestDBHotTopicsDBLambdaGlue19D3D9B1",
        "Roles": Array [
          Object {
            "Ref": "TestDBHotTopicsDBLambdaFunctionServiceRole6D366CAF",
          },
        ],
      },
      "Type": "AWS::IAM::Policy",
    },
    "TestDBHotTopicsDBNightlyCreateParitionEventsRule5A6F3369": Object {
      "DependsOn": Array [
        "TestDBEntityTable4DC8B26D",
        "TestDBKeyPhraseTable22CDC136",
        "TestDBModerationLabelsTable30B5D54D",
        "TestDBTopicMappingsTopicsTable184F8511",
        "TestDBTopicsTable8087CEDA",
        "TestDBTwitterTwitterRecord12D303B8",
        "TestDBTxtInImgEntityImgTxtEntityTableA67792FB",
        "TestDBTxtInImgKeyPhraseImgTxtKeyPhraseTable1BD0A14B",
        "TestDBTxtInImgSentimentImgTxtSentimentTable1F146A93",
      ],
      "Properties": Object {
        "ScheduleExpression": "cron(1 0 * * ? *)",
        "State": "ENABLED",
        "Targets": Array [
          Object {
            "Arn": Object {
              "Fn::GetAtt": Array [
                "TestDBHotTopicsDBLambdaFunction06F2B747",
                "Arn",
              ],
            },
            "Id": "Target0",
          },
        ],
      },
      "Type": "AWS::Events::Rule",
    },
    "TestDBKeyPhraseTable22CDC136": Object {
      "Properties": Object {
        "CatalogId": Object {
          "Ref": "AWS::AccountId",
        },
        "DatabaseName": Object {
          "Ref": "TestDBTweetDBAFCEF20F",
        },
        "TableInput": Object {
          "Description": "keyphrase generated by CDK",
          "Name": "keyphrase",
          "Parameters": Object {
            "classification": "parquet",
            "has_encrypted_data": false,
          },
          "PartitionKeys": Array [
            Object {
              "Name": "created_at",
              "Type": "timestamp",
            },
          ],
          "StorageDescriptor": Object {
            "Columns": Array [
              Object {
                "Name": "account_name",
                "Type": "string",
              },
              Object {
                "Name": "platform",
                "Type": "string",
              },
              Object {
                "Name": "search_query",
                "Type": "string",
              },
              Object {
                "Name": "id_str",
                "Type": "string",
              },
              Object {
                "Name": "text",
                "Type": "string",
              },
              Object {
                "Name": "translated_text",
                "Type": "string",
              },
              Object {
                "Name": "phrase",
                "Type": "string",
              },
              Object {
                "Name": "phrase_score",
                "Type": "double",
              },
              Object {
                "Name": "phrase_begin_offset",
                "Type": "int",
              },
              Object {
                "Name": "phrase_end_offset",
                "Type": "int",
              },
            ],
            "Compressed": false,
            "InputFormat": "org.apache.hadoop.hive.ql.io.parquet.MapredParquetInputFormat",
            "Location": Object {
              "Fn::Join": Array [
                "",
                Array [
                  "s3://",
                  Object {
                    "Ref": "TestBucket560B80BC",
                  },
                  "/keyphrase/",
                ],
              ],
            },
            "OutputFormat": "org.apache.hadoop.hive.ql.io.parquet.MapredParquetOutputFormat",
            "SerdeInfo": Object {
              "SerializationLibrary": "org.apache.hadoop.hive.ql.io.parquet.serde.ParquetHiveSerDe",
            },
            "StoredAsSubDirectories": true,
          },
          "TableType": "EXTERNAL_TABLE",
        },
      },
      "Type": "AWS::Glue::Table",
    },
    "TestDBModerationLabelsTable30B5D54D": Object {
      "Properties": Object {
        "CatalogId": Object {
          "Ref": "AWS::AccountId",
        },
        "DatabaseName": Object {
          "Ref": "TestDBTweetDBAFCEF20F",
        },
        "TableInput": Object {
          "Description": "moderationlabels generated by CDK",
          "Name": "moderationlabels",
          "Parameters": Object {
            "classification": "parquet",
            "has_encrypted_data": false,
          },
          "PartitionKeys": Array [
            Object {
              "Name": "created_at",
              "Type": "timestamp",
            },
          ],
          "StorageDescriptor": Object {
            "Columns": Array [
              Object {
                "Name": "account_name",
                "Type": "string",
              },
              Object {
                "Name": "platform",
                "Type": "string",
              },
              Object {
                "Name": "search_query",
                "Type": "string",
              },
              Object {
                "Name": "id_str",
                "Type": "string",
              },
              Object {
                "Name": "image_url",
                "Type": "string",
              },
              Object {
                "Name": "label_name",
                "Type": "string",
              },
              Object {
                "Name": "confidence",
                "Type": "double",
              },
            ],
            "Compressed": false,
            "InputFormat": "org.apache.hadoop.hive.ql.io.parquet.MapredParquetInputFormat",
            "Location": Object {
              "Fn::Join": Array [
                "",
                Array [
                  "s3://",
                  Object {
                    "Ref": "TestBucket560B80BC",
                  },
                  "/moderationlabels/",
                ],
              ],
            },
            "OutputFormat": "org.apache.hadoop.hive.ql.io.parquet.MapredParquetOutputFormat",
            "SerdeInfo": Object {
              "SerializationLibrary": "org.apache.hadoop.hive.ql.io.parquet.serde.ParquetHiveSerDe",
            },
            "StoredAsSubDirectories": true,
          },
          "TableType": "EXTERNAL_TABLE",
        },
      },
      "Type": "AWS::Glue::Table",
    },
    "TestDBSentimentTableEBBAA891": Object {
      "Properties": Object {
        "CatalogId": Object {
          "Ref": "AWS::AccountId",
        },
        "DatabaseName": Object {
          "Ref": "TestDBTweetDBAFCEF20F",
        },
        "TableInput": Object {
          "Description": "sentiment generated by CDK",
          "Name": "sentiment",
          "Parameters": Object {
            "classification": "parquet",
            "has_encrypted_data": false,
          },
          "PartitionKeys": Array [
            Object {
              "Name": "created_at",
              "Type": "timestamp",
            },
          ],
          "StorageDescriptor": Object {
            "Columns": Array [
              Object {
                "Name": "account_name",
                "Type": "string",
              },
              Object {
                "Name": "platform",
                "Type": "string",
              },
              Object {
                "Name": "search_query",
                "Type": "string",
              },
              Object {
                "Name": "id_str",
                "Type": "string",
              },
              Object {
                "Name": "text",
                "Type": "string",
              },
              Object {
                "Name": "translated_text",
                "Type": "string",
              },
              Object {
                "Name": "sentiment",
                "Type": "string",
              },
              Object {
                "Name": "sentimentposscore",
                "Type": "double",
              },
              Object {
                "Name": "sentimentnegscore",
                "Type": "double",
              },
              Object {
                "Name": "sentimentneuscore",
                "Type": "double",
              },
              Object {
                "Name": "sentimentmixscore",
                "Type": "double",
              },
            ],
            "Compressed": false,
            "InputFormat": "org.apache.hadoop.hive.ql.io.parquet.MapredParquetInputFormat",
            "Location": Object {
              "Fn::Join": Array [
                "",
                Array [
                  "s3://",
                  Object {
                    "Ref": "TestBucket560B80BC",
                  },
                  "/sentiment/",
                ],
              ],
            },
            "OutputFormat": "org.apache.hadoop.hive.ql.io.parquet.MapredParquetOutputFormat",
            "SerdeInfo": Object {
              "SerializationLibrary": "org.apache.hadoop.hive.ql.io.parquet.serde.ParquetHiveSerDe",
            },
            "StoredAsSubDirectories": true,
          },
          "TableType": "EXTERNAL_TABLE",
        },
      },
      "Type": "AWS::Glue::Table",
    },
    "TestDBTopicMappingsTopicsTable184F8511": Object {
      "Properties": Object {
        "CatalogId": Object {
          "Ref": "AWS::AccountId",
        },
        "DatabaseName": Object {
          "Ref": "TestDBTweetDBAFCEF20F",
        },
        "TableInput": Object {
          "Description": "topic-mappings generated by CDK",
          "Name": "topic-mappings",
          "Parameters": Object {
            "classification": "parquet",
            "has_encrypted_data": false,
          },
          "PartitionKeys": Array [
            Object {
              "Name": "created_at",
              "Type": "timestamp",
            },
          ],
          "StorageDescriptor": Object {
            "Columns": Array [
              Object {
                "Name": "job_id",
                "Type": "string",
              },
              Object {
                "Name": "job_timestamp",
                "Type": "timestamp",
              },
              Object {
                "Name": "topic",
                "Type": "string",
              },
              Object {
                "Name": "id_str",
                "Type": "string",
              },
            ],
            "Compressed": false,
            "InputFormat": "org.apache.hadoop.hive.ql.io.parquet.MapredParquetInputFormat",
            "Location": Object {
              "Fn::Join": Array [
                "",
                Array [
                  "s3://",
                  Object {
                    "Ref": "TestBucket560B80BC",
                  },
                  "/topic-mappings/",
                ],
              ],
            },
            "OutputFormat": "org.apache.hadoop.hive.ql.io.parquet.MapredParquetOutputFormat",
            "SerdeInfo": Object {
              "SerializationLibrary": "org.apache.hadoop.hive.ql.io.parquet.serde.ParquetHiveSerDe",
            },
            "StoredAsSubDirectories": true,
          },
          "TableType": "EXTERNAL_TABLE",
        },
      },
      "Type": "AWS::Glue::Table",
    },
    "TestDBTopicsTable8087CEDA": Object {
      "Properties": Object {
        "CatalogId": Object {
          "Ref": "AWS::AccountId",
        },
        "DatabaseName": Object {
          "Ref": "TestDBTweetDBAFCEF20F",
        },
        "TableInput": Object {
          "Description": "topics generated by CDK",
          "Name": "topics",
          "Parameters": Object {
            "classification": "parquet",
            "has_encrypted_data": false,
          },
          "PartitionKeys": Array [
            Object {
              "Name": "created_at",
              "Type": "timestamp",
            },
          ],
          "StorageDescriptor": Object {
            "Columns": Array [
              Object {
                "Name": "job_id",
                "Type": "string",
              },
              Object {
                "Name": "job_timestamp",
                "Type": "timestamp",
              },
              Object {
                "Name": "term",
                "Type": "string",
              },
              Object {
                "Name": "weight",
                "Type": "double",
              },
              Object {
                "Name": "topic",
                "Type": "string",
              },
            ],
            "Compressed": false,
            "InputFormat": "org.apache.hadoop.hive.ql.io.parquet.MapredParquetInputFormat",
            "Location": Object {
              "Fn::Join": Array [
                "",
                Array [
                  "s3://",
                  Object {
                    "Ref": "TestBucket560B80BC",
                  },
                  "/topics/",
                ],
              ],
            },
            "OutputFormat": "org.apache.hadoop.hive.ql.io.parquet.MapredParquetOutputFormat",
            "SerdeInfo": Object {
              "SerializationLibrary": "org.apache.hadoop.hive.ql.io.parquet.serde.ParquetHiveSerDe",
            },
            "StoredAsSubDirectories": true,
          },
          "TableType": "EXTERNAL_TABLE",
        },
      },
      "Type": "AWS::Glue::Table",
    },
    "TestDBTweetDBAFCEF20F": Object {
      "Properties": Object {
        "CatalogId": Object {
          "Ref": "AWS::AccountId",
        },
        "DatabaseInput": Object {
          "Name": "socialmediadb",
        },
      },
      "Type": "AWS::Glue::Database",
    },
    "TestDBTweetDBEncryption98A3A837": Object {
      "Properties": Object {
        "CatalogId": Object {
          "Ref": "AWS::AccountId",
        },
        "DataCatalogEncryptionSettings": Object {
          "EncryptionAtRest": Object {
            "CatalogEncryptionMode": "SSE-KMS",
            "SseAwsKmsKeyId": "alias/aws/glue",
          },
        },
      },
      "Type": "AWS::Glue::DataCatalogEncryptionSettings",
    },
    "TestDBTwitterTwitterRecord12D303B8": Object {
      "Properties": Object {
        "CatalogId": Object {
          "Ref": "AWS::AccountId",
        },
        "DatabaseName": Object {
          "Ref": "TestDBTweetDBAFCEF20F",
        },
        "TableInput": Object {
          "Description": "Store Twitter Records",
          "Parameters": Object {
            "classification": "parquet",
            "has_encrypted_data": false,
          },
          "PartitionKeys": Array [
            Object {
              "Name": "db_created_at",
              "Type": "timestamp",
            },
          ],
          "StorageDescriptor": Object {
            "Columns": Array [
              Object {
                "Name": "account_name",
                "Type": "string",
              },
              Object {
                "Name": "platform",
                "Type": "string",
              },
              Object {
                "Name": "coordinates",
                "Type": "struct<type:string,coordinates:array<double>>",
              },
              Object {
                "Name": "retweeted",
                "Type": "boolean",
              },
              Object {
                "Name": "source",
                "Type": "string",
              },
              Object {
                "Name": "entities",
                "Type": "struct<hashtags:array<struct<text:string,indices:array<bigint>>>,urls:array<struct<url:string,expanded_url:string,display_url:string,indices:array<bigint>>>>",
              },
              Object {
                "Name": "reply_count",
                "Type": "bigint",
              },
              Object {
                "Name": "favorite_count",
                "Type": "bigint",
              },
              Object {
                "Name": "geo",
                "Type": "struct<type:string,coordinates:array<double>>",
              },
              Object {
                "Name": "id_str",
                "Type": "string",
              },
              Object {
                "Name": "truncated",
                "Type": "boolean",
              },
              Object {
                "Name": "text",
                "Type": "string",
              },
              Object {
                "Name": "retweet_count",
                "Type": "bigint",
              },
              Object {
                "Name": "possibly_sensitive",
                "Type": "boolean",
              },
              Object {
                "Name": "filter_level",
                "Type": "string",
              },
              Object {
                "Name": "created_at",
                "Type": "string",
              },
              Object {
                "Name": "place",
                "Type": "struct<id:string,url:string,place_type:string,name:string,full_name:string,country_code:string,country:string,bounding_box:struct<type:string,coordinates:array<array<array<float>>>>>",
              },
              Object {
                "Name": "favorited",
                "Type": "boolean",
              },
              Object {
                "Name": "lang",
                "Type": "string",
              },
              Object {
                "Name": "in_reply_to_screen_name",
                "Type": "string",
              },
              Object {
                "Name": "is_quote_status",
                "Type": "boolean",
              },
              Object {
                "Name": "in_reply_to_user_id_str",
                "Type": "string",
              },
              Object {
                "Name": "user",
                "Type": "struct<id:bigint,id_str:string,name:string,screen_name:string,location:string,url:string,description:string,translator_type:string,protected:boolean,verified:boolean,followers_count:bigint,friends_count:bigint,listed_count:bigint,favourites_count:bigint,statuses_count:bigint,created_at:string,utc_offset:bigint,time_zone:string,geo_enabled:boolean,lang:string,contributors_enabled:boolean,is_translator:boolean,profile_background_color:string,profile_background_image_url:string,profile_background_image_url_https:string,profile_background_tile:boolean,profile_link_color:string,profile_sidebar_border_color:string,profile_sidebar_fill_color:string,profile_text_color:string,profile_use_background_image:boolean,profile_image_url:string,profile_image_url_https:string,profile_banner_url:string,default_profile:boolean,default_profile_image:boolean>",
              },
              Object {
                "Name": "quote_count",
                "Type": "bigint",
              },
            ],
            "Compressed": false,
            "InputFormat": "org.apache.hadoop.hive.ql.io.parquet.MapredParquetInputFormat",
            "Location": Object {
              "Fn::Join": Array [
                "",
                Array [
                  "s3://",
                  Object {
                    "Ref": "TestBucket560B80BC",
                  },
                  "/undefined/",
                ],
              ],
            },
            "OutputFormat": "org.apache.hadoop.hive.ql.io.parquet.MapredParquetOutputFormat",
            "SerdeInfo": Object {
              "SerializationLibrary": "org.apache.hadoop.hive.ql.io.parquet.serde.ParquetHiveSerDe",
            },
            "StoredAsSubDirectories": true,
          },
          "TableType": "EXTERNAL_TABLE",
        },
      },
      "Type": "AWS::Glue::Table",
    },
    "TestDBTxtInImgEntityImgTxtEntityTableA67792FB": Object {
      "Properties": Object {
        "CatalogId": Object {
          "Ref": "AWS::AccountId",
        },
        "DatabaseName": Object {
          "Ref": "TestDBTweetDBAFCEF20F",
        },
        "TableInput": Object {
          "Description": "txtinimgentity generated by CDK",
          "Name": "txtinimgentity",
          "Parameters": Object {
            "classification": "parquet",
            "has_encrypted_data": false,
          },
          "PartitionKeys": Array [
            Object {
              "Name": "created_at",
              "Type": "timestamp",
            },
          ],
          "StorageDescriptor": Object {
            "Columns": Array [
              Object {
                "Name": "account_name",
                "Type": "string",
              },
              Object {
                "Name": "platform",
                "Type": "string",
              },
              Object {
                "Name": "search_query",
                "Type": "string",
              },
              Object {
                "Name": "id_str",
                "Type": "string",
              },
              Object {
                "Name": "text",
                "Type": "string",
              },
              Object {
                "Name": "entity_text",
                "Type": "string",
              },
              Object {
                "Name": "entity_type",
                "Type": "string",
              },
              Object {
                "Name": "entity_score",
                "Type": "double",
              },
              Object {
                "Name": "entity_begin_offset",
                "Type": "int",
              },
              Object {
                "Name": "entity_end_offset",
                "Type": "int",
              },
              Object {
                "Name": "image_url",
                "Type": "string",
              },
            ],
            "Compressed": false,
            "InputFormat": "org.apache.hadoop.hive.ql.io.parquet.MapredParquetInputFormat",
            "Location": Object {
              "Fn::Join": Array [
                "",
                Array [
                  "s3://",
                  Object {
                    "Ref": "TestBucket560B80BC",
                  },
                  "/txtinimgentity/",
                ],
              ],
            },
            "OutputFormat": "org.apache.hadoop.hive.ql.io.parquet.MapredParquetOutputFormat",
            "SerdeInfo": Object {
              "SerializationLibrary": "org.apache.hadoop.hive.ql.io.parquet.serde.ParquetHiveSerDe",
            },
            "StoredAsSubDirectories": true,
          },
          "TableType": "EXTERNAL_TABLE",
        },
      },
      "Type": "AWS::Glue::Table",
    },
    "TestDBTxtInImgKeyPhraseImgTxtKeyPhraseTable1BD0A14B": Object {
      "Properties": Object {
        "CatalogId": Object {
          "Ref": "AWS::AccountId",
        },
        "DatabaseName": Object {
          "Ref": "TestDBTweetDBAFCEF20F",
        },
        "TableInput": Object {
          "Description": "txtinimgkeyphrase generated by CDK",
          "Name": "txtinimgkeyphrase",
          "Parameters": Object {
            "classification": "parquet",
            "has_encrypted_data": false,
          },
          "PartitionKeys": Array [
            Object {
              "Name": "created_at",
              "Type": "timestamp",
            },
          ],
          "StorageDescriptor": Object {
            "Columns": Array [
              Object {
                "Name": "account_name",
                "Type": "string",
              },
              Object {
                "Name": "platform",
                "Type": "string",
              },
              Object {
                "Name": "search_query",
                "Type": "string",
              },
              Object {
                "Name": "id_str",
                "Type": "string",
              },
              Object {
                "Name": "text",
                "Type": "string",
              },
              Object {
                "Name": "phrase",
                "Type": "string",
              },
              Object {
                "Name": "phrase_score",
                "Type": "double",
              },
              Object {
                "Name": "phrase_begin_offset",
                "Type": "int",
              },
              Object {
                "Name": "phrase_end_offset",
                "Type": "int",
              },
              Object {
                "Name": "image_url",
                "Type": "string",
              },
            ],
            "Compressed": false,
            "InputFormat": "org.apache.hadoop.hive.ql.io.parquet.MapredParquetInputFormat",
            "Location": Object {
              "Fn::Join": Array [
                "",
                Array [
                  "s3://",
                  Object {
                    "Ref": "TestBucket560B80BC",
                  },
                  "/txtinimgkeyphrase/",
                ],
              ],
            },
            "OutputFormat": "org.apache.hadoop.hive.ql.io.parquet.MapredParquetOutputFormat",
            "SerdeInfo": Object {
              "SerializationLibrary": "org.apache.hadoop.hive.ql.io.parquet.serde.ParquetHiveSerDe",
            },
            "StoredAsSubDirectories": true,
          },
          "TableType": "EXTERNAL_TABLE",
        },
      },
      "Type": "AWS::Glue::Table",
    },
    "TestDBTxtInImgSentimentImgTxtSentimentTable1F146A93": Object {
      "Properties": Object {
        "CatalogId": Object {
          "Ref": "AWS::AccountId",
        },
        "DatabaseName": Object {
          "Ref": "TestDBTweetDBAFCEF20F",
        },
        "TableInput": Object {
          "Description": "txtinimgsentiment generated by CDK",
          "Name": "txtinimgsentiment",
          "Parameters": Object {
            "classification": "parquet",
            "has_encrypted_data": false,
          },
          "PartitionKeys": Array [
            Object {
              "Name": "created_at",
              "Type": "timestamp",
            },
          ],
          "StorageDescriptor": Object {
            "Columns": Array [
              Object {
                "Name": "account_name",
                "Type": "string",
              },
              Object {
                "Name": "platform",
                "Type": "string",
              },
              Object {
                "Name": "search_query",
                "Type": "string",
              },
              Object {
                "Name": "id_str",
                "Type": "string",
              },
              Object {
                "Name": "text",
                "Type": "string",
              },
              Object {
                "Name": "sentiment",
                "Type": "string",
              },
              Object {
                "Name": "sentimentposscore",
                "Type": "double",
              },
              Object {
                "Name": "sentimentnegscore",
                "Type": "double",
              },
              Object {
                "Name": "sentimentneuscore",
                "Type": "double",
              },
              Object {
                "Name": "sentimentmixscore",
                "Type": "double",
              },
              Object {
                "Name": "image_url",
                "Type": "string",
              },
            ],
            "Compressed": false,
            "InputFormat": "org.apache.hadoop.hive.ql.io.parquet.MapredParquetInputFormat",
            "Location": Object {
              "Fn::Join": Array [
                "",
                Array [
                  "s3://",
                  Object {
                    "Ref": "TestBucket560B80BC",
                  },
                  "/txtinimgsentiment/",
                ],
              ],
            },
            "OutputFormat": "org.apache.hadoop.hive.ql.io.parquet.MapredParquetOutputFormat",
            "SerdeInfo": Object {
              "SerializationLibrary": "org.apache.hadoop.hive.ql.io.parquet.serde.ParquetHiveSerDe",
            },
            "StoredAsSubDirectories": true,
          },
          "TableType": "EXTERNAL_TABLE",
        },
      },
      "Type": "AWS::Glue::Table",
    },
  },
}
`;
