// Jest Snapshot v1, https://goo.gl/fbAQLP

exports[`test QuickSight stackCreation 1`] = `
{
  "Parameters": {
    "AssetParameters2ed37f97a3146526f373779e1a9a1c1c248ec377238df898dcf39a858cae413aArtifactHash62E0F7B2": {
      "Description": "Artifact hash for asset "2ed37f97a3146526f373779e1a9a1c1c248ec377238df898dcf39a858cae413a"",
      "Type": "String",
    },
    "AssetParameters2ed37f97a3146526f373779e1a9a1c1c248ec377238df898dcf39a858cae413aS3BucketBD4670E9": {
      "Description": "S3 bucket for asset "2ed37f97a3146526f373779e1a9a1c1c248ec377238df898dcf39a858cae413a"",
      "Type": "String",
    },
    "AssetParameters2ed37f97a3146526f373779e1a9a1c1c248ec377238df898dcf39a858cae413aS3VersionKeyCFF6143D": {
      "Description": "S3 key for asset version "2ed37f97a3146526f373779e1a9a1c1c248ec377238df898dcf39a858cae413a"",
      "Type": "String",
    },
    "AssetParametersf1f132818061f79960167939c7a5bc547e3c404f923c946f41e6490d603904a2ArtifactHash2AD0CB1A": {
      "Description": "Artifact hash for asset "f1f132818061f79960167939c7a5bc547e3c404f923c946f41e6490d603904a2"",
      "Type": "String",
    },
    "AssetParametersf1f132818061f79960167939c7a5bc547e3c404f923c946f41e6490d603904a2S3Bucket2AA0F35D": {
      "Description": "S3 bucket for asset "f1f132818061f79960167939c7a5bc547e3c404f923c946f41e6490d603904a2"",
      "Type": "String",
    },
    "AssetParametersf1f132818061f79960167939c7a5bc547e3c404f923c946f41e6490d603904a2S3VersionKey7FFC9D59": {
      "Description": "S3 key for asset version "f1f132818061f79960167939c7a5bc547e3c404f923c946f41e6490d603904a2"",
      "Type": "String",
    },
  },
  "Resources": {
    "testQuickSightNestedStacktestQuickSightNestedStackResource61E1F713": {
      "DeletionPolicy": "Delete",
      "Properties": {
        "Parameters": {
          "ParentStackName": {
            "Ref": "AWS::StackName",
          },
          "QuickSightPrincipalArn": "arn:aws:quicksight:us-east-1:fakeaccount:user/namespace/fakeuser",
          "QuickSightSourceTemplateArn": "arn:aws:quicksight:us-east-1:fakeaccount:template/template-name",
          "S3AccessLogBucket": "arn:aws:s3:::fakebucketforaccesslogging",
          "SolutionID": "SO0122",
          "SolutionName": "Discovering-Hot-Topics-QS-Dashboard",
          "referencetoAssetParameters2ed37f97a3146526f373779e1a9a1c1c248ec377238df898dcf39a858cae413aS3BucketBD4670E9Ref": {
            "Ref": "AssetParameters2ed37f97a3146526f373779e1a9a1c1c248ec377238df898dcf39a858cae413aS3BucketBD4670E9",
          },
          "referencetoAssetParameters2ed37f97a3146526f373779e1a9a1c1c248ec377238df898dcf39a858cae413aS3VersionKeyCFF6143DRef": {
            "Ref": "AssetParameters2ed37f97a3146526f373779e1a9a1c1c248ec377238df898dcf39a858cae413aS3VersionKeyCFF6143D",
          },
        },
        "TemplateURL": {
          "Fn::Join": [
            "",
            [
              "https://s3.",
              {
                "Ref": "AWS::Region",
              },
              ".",
              {
                "Ref": "AWS::URLSuffix",
              },
              "/",
              {
                "Ref": "AssetParametersf1f132818061f79960167939c7a5bc547e3c404f923c946f41e6490d603904a2S3Bucket2AA0F35D",
              },
              "/",
              {
                "Fn::Select": [
                  0,
                  {
                    "Fn::Split": [
                      "||",
                      {
                        "Ref": "AssetParametersf1f132818061f79960167939c7a5bc547e3c404f923c946f41e6490d603904a2S3VersionKey7FFC9D59",
                      },
                    ],
                  },
                ],
              },
              {
                "Fn::Select": [
                  1,
                  {
                    "Fn::Split": [
                      "||",
                      {
                        "Ref": "AssetParametersf1f132818061f79960167939c7a5bc547e3c404f923c946f41e6490d603904a2S3VersionKey7FFC9D59",
                      },
                    ],
                  },
                ],
              },
            ],
          ],
        },
      },
      "Type": "AWS::CloudFormation::Stack",
      "UpdateReplacePolicy": "Delete",
    },
  },
}
`;
