// Jest Snapshot v1, https://goo.gl/fbAQLP

exports[`test reddit ingestion stack 1`] = `
{
  "Conditions": {
    "AwsCdkKinesisEncryptedStreamsUnsupportedRegions": {
      "Fn::Or": [
        {
          "Fn::Equals": [
            {
              "Ref": "AWS::Region",
            },
            "cn-north-1",
          ],
        },
        {
          "Fn::Equals": [
            {
              "Ref": "AWS::Region",
            },
            "cn-northwest-1",
          ],
        },
      ],
    },
  },
  "Parameters": {
    "AssetParameters16686afc33489ddbf304d91b064ba526c60228559dbb0412fc2c019ac81aa2c8ArtifactHash91747FA7": {
      "Description": "Artifact hash for asset "16686afc33489ddbf304d91b064ba526c60228559dbb0412fc2c019ac81aa2c8"",
      "Type": "String",
    },
    "AssetParameters16686afc33489ddbf304d91b064ba526c60228559dbb0412fc2c019ac81aa2c8S3Bucket31935499": {
      "Description": "S3 bucket for asset "16686afc33489ddbf304d91b064ba526c60228559dbb0412fc2c019ac81aa2c8"",
      "Type": "String",
    },
    "AssetParameters16686afc33489ddbf304d91b064ba526c60228559dbb0412fc2c019ac81aa2c8S3VersionKey1E8DC6E4": {
      "Description": "S3 key for asset version "16686afc33489ddbf304d91b064ba526c60228559dbb0412fc2c019ac81aa2c8"",
      "Type": "String",
    },
    "AssetParameters492a630e58a6e8d95008fcd06289d6e74e71eadf482c6a18f59fbddb6b853545ArtifactHash79A5A2A3": {
      "Description": "Artifact hash for asset "492a630e58a6e8d95008fcd06289d6e74e71eadf482c6a18f59fbddb6b853545"",
      "Type": "String",
    },
    "AssetParameters492a630e58a6e8d95008fcd06289d6e74e71eadf482c6a18f59fbddb6b853545S3BucketEFAD3BD6": {
      "Description": "S3 bucket for asset "492a630e58a6e8d95008fcd06289d6e74e71eadf482c6a18f59fbddb6b853545"",
      "Type": "String",
    },
    "AssetParameters492a630e58a6e8d95008fcd06289d6e74e71eadf482c6a18f59fbddb6b853545S3VersionKey169E7DFC": {
      "Description": "S3 key for asset version "492a630e58a6e8d95008fcd06289d6e74e71eadf482c6a18f59fbddb6b853545"",
      "Type": "String",
    },
  },
  "Resources": {
    "BusEA82B648": {
      "Properties": {
        "Name": "Bus",
      },
      "Type": "AWS::Events::EventBus",
    },
    "Stream790BDEE4": {
      "Properties": {
        "RetentionPeriodHours": 24,
        "ShardCount": 1,
        "StreamEncryption": {
          "Fn::If": [
            "AwsCdkKinesisEncryptedStreamsUnsupportedRegions",
            {
              "Ref": "AWS::NoValue",
            },
            {
              "EncryptionType": "KMS",
              "KeyId": "alias/aws/kinesis",
            },
          ],
        },
        "StreamModeDetails": {
          "StreamMode": "PROVISIONED",
        },
      },
      "Type": "AWS::Kinesis::Stream",
    },
    "testredditingestionNestedStacktestredditingestionNestedStackResourceE8B6AADB": {
      "DeletionPolicy": "Delete",
      "Properties": {
        "Parameters": {
          "EventBus": {
            "Fn::GetAtt": [
              "BusEA82B648",
              "Arn",
            ],
          },
          "RedditAPIKey": "/fakelocation/reddit/comments",
          "RedditIngestionFrequency": "cron(0/60 * * * ? *)",
          "StreamARN": {
            "Fn::GetAtt": [
              "Stream790BDEE4",
              "Arn",
            ],
          },
          "SubRedditsToFollow": "r/test1,r/test2",
          "referencetoAssetParameters16686afc33489ddbf304d91b064ba526c60228559dbb0412fc2c019ac81aa2c8S3Bucket31935499Ref": {
            "Ref": "AssetParameters16686afc33489ddbf304d91b064ba526c60228559dbb0412fc2c019ac81aa2c8S3Bucket31935499",
          },
          "referencetoAssetParameters16686afc33489ddbf304d91b064ba526c60228559dbb0412fc2c019ac81aa2c8S3VersionKey1E8DC6E4Ref": {
            "Ref": "AssetParameters16686afc33489ddbf304d91b064ba526c60228559dbb0412fc2c019ac81aa2c8S3VersionKey1E8DC6E4",
          },
        },
        "TemplateURL": {
          "Fn::Join": [
            "",
            [
              "https://s3.",
              {
                "Ref": "AWS::Region",
              },
              ".",
              {
                "Ref": "AWS::URLSuffix",
              },
              "/",
              {
                "Ref": "AssetParameters492a630e58a6e8d95008fcd06289d6e74e71eadf482c6a18f59fbddb6b853545S3BucketEFAD3BD6",
              },
              "/",
              {
                "Fn::Select": [
                  0,
                  {
                    "Fn::Split": [
                      "||",
                      {
                        "Ref": "AssetParameters492a630e58a6e8d95008fcd06289d6e74e71eadf482c6a18f59fbddb6b853545S3VersionKey169E7DFC",
                      },
                    ],
                  },
                ],
              },
              {
                "Fn::Select": [
                  1,
                  {
                    "Fn::Split": [
                      "||",
                      {
                        "Ref": "AssetParameters492a630e58a6e8d95008fcd06289d6e74e71eadf482c6a18f59fbddb6b853545S3VersionKey169E7DFC",
                      },
                    ],
                  },
                ],
              },
            ],
          ],
        },
      },
      "Type": "AWS::CloudFormation::Stack",
      "UpdateReplacePolicy": "Delete",
    },
  },
}
`;
