// Jest Snapshot v1, https://goo.gl/fbAQLP

exports[`test reddit ingestion stack 1`] = `
{
  "Conditions": {
    "AwsCdkKinesisEncryptedStreamsUnsupportedRegions": {
      "Fn::Or": [
        {
          "Fn::Equals": [
            {
              "Ref": "AWS::Region",
            },
            "cn-north-1",
          ],
        },
        {
          "Fn::Equals": [
            {
              "Ref": "AWS::Region",
            },
            "cn-northwest-1",
          ],
        },
      ],
    },
  },
  "Parameters": {
    "AssetParameters139854c48237f6515e91483d38da913d37830706651e12a591bdcd909ca5338aArtifactHashAEAA30E7": {
      "Description": "Artifact hash for asset "139854c48237f6515e91483d38da913d37830706651e12a591bdcd909ca5338a"",
      "Type": "String",
    },
    "AssetParameters139854c48237f6515e91483d38da913d37830706651e12a591bdcd909ca5338aS3BucketFAD6F3D9": {
      "Description": "S3 bucket for asset "139854c48237f6515e91483d38da913d37830706651e12a591bdcd909ca5338a"",
      "Type": "String",
    },
    "AssetParameters139854c48237f6515e91483d38da913d37830706651e12a591bdcd909ca5338aS3VersionKey02AB432B": {
      "Description": "S3 key for asset version "139854c48237f6515e91483d38da913d37830706651e12a591bdcd909ca5338a"",
      "Type": "String",
    },
    "AssetParametersb1616e8ef7e694aaef70e483084933773d19fe33ab95709679b90c381f066170ArtifactHash4664670F": {
      "Description": "Artifact hash for asset "b1616e8ef7e694aaef70e483084933773d19fe33ab95709679b90c381f066170"",
      "Type": "String",
    },
    "AssetParametersb1616e8ef7e694aaef70e483084933773d19fe33ab95709679b90c381f066170S3BucketCB265544": {
      "Description": "S3 bucket for asset "b1616e8ef7e694aaef70e483084933773d19fe33ab95709679b90c381f066170"",
      "Type": "String",
    },
    "AssetParametersb1616e8ef7e694aaef70e483084933773d19fe33ab95709679b90c381f066170S3VersionKeyD1943F32": {
      "Description": "S3 key for asset version "b1616e8ef7e694aaef70e483084933773d19fe33ab95709679b90c381f066170"",
      "Type": "String",
    },
  },
  "Resources": {
    "BusEA82B648": {
      "Properties": {
        "Name": "Bus",
      },
      "Type": "AWS::Events::EventBus",
    },
    "Stream790BDEE4": {
      "Properties": {
        "RetentionPeriodHours": 24,
        "ShardCount": 1,
        "StreamEncryption": {
          "Fn::If": [
            "AwsCdkKinesisEncryptedStreamsUnsupportedRegions",
            {
              "Ref": "AWS::NoValue",
            },
            {
              "EncryptionType": "KMS",
              "KeyId": "alias/aws/kinesis",
            },
          ],
        },
        "StreamModeDetails": {
          "StreamMode": "PROVISIONED",
        },
      },
      "Type": "AWS::Kinesis::Stream",
    },
    "testredditingestionNestedStacktestredditingestionNestedStackResourceE8B6AADB": {
      "DeletionPolicy": "Delete",
      "Properties": {
        "Parameters": {
          "EventBus": {
            "Fn::GetAtt": [
              "BusEA82B648",
              "Arn",
            ],
          },
          "RedditAPIKey": "/fakelocation/reddit/comments",
          "RedditIngestionFrequency": "cron(0/60 * * * ? *)",
          "StreamARN": {
            "Fn::GetAtt": [
              "Stream790BDEE4",
              "Arn",
            ],
          },
          "SubRedditsToFollow": "r/test1,r/test2",
          "referencetoAssetParametersb1616e8ef7e694aaef70e483084933773d19fe33ab95709679b90c381f066170S3BucketCB265544Ref": {
            "Ref": "AssetParametersb1616e8ef7e694aaef70e483084933773d19fe33ab95709679b90c381f066170S3BucketCB265544",
          },
          "referencetoAssetParametersb1616e8ef7e694aaef70e483084933773d19fe33ab95709679b90c381f066170S3VersionKeyD1943F32Ref": {
            "Ref": "AssetParametersb1616e8ef7e694aaef70e483084933773d19fe33ab95709679b90c381f066170S3VersionKeyD1943F32",
          },
        },
        "TemplateURL": {
          "Fn::Join": [
            "",
            [
              "https://s3.",
              {
                "Ref": "AWS::Region",
              },
              ".",
              {
                "Ref": "AWS::URLSuffix",
              },
              "/",
              {
                "Ref": "AssetParameters139854c48237f6515e91483d38da913d37830706651e12a591bdcd909ca5338aS3BucketFAD6F3D9",
              },
              "/",
              {
                "Fn::Select": [
                  0,
                  {
                    "Fn::Split": [
                      "||",
                      {
                        "Ref": "AssetParameters139854c48237f6515e91483d38da913d37830706651e12a591bdcd909ca5338aS3VersionKey02AB432B",
                      },
                    ],
                  },
                ],
              },
              {
                "Fn::Select": [
                  1,
                  {
                    "Fn::Split": [
                      "||",
                      {
                        "Ref": "AssetParameters139854c48237f6515e91483d38da913d37830706651e12a591bdcd909ca5338aS3VersionKey02AB432B",
                      },
                    ],
                  },
                ],
              },
            ],
          ],
        },
      },
      "Type": "AWS::CloudFormation::Stack",
      "UpdateReplacePolicy": "Delete",
    },
  },
}
`;
