// Jest Snapshot v1, https://goo.gl/fbAQLP

exports[`test orchestration construct 1`] = `
Object {
  "Parameters": Object {
    "AssetParameters11a602c17b45efd2ac4777078c3279c660cffe70ccdb1680cd53c512c12fae3aArtifactHashA12F181F": Object {
      "Description": "Artifact hash for asset \\"11a602c17b45efd2ac4777078c3279c660cffe70ccdb1680cd53c512c12fae3a\\"",
      "Type": "String",
    },
    "AssetParameters11a602c17b45efd2ac4777078c3279c660cffe70ccdb1680cd53c512c12fae3aS3BucketFB5C8110": Object {
      "Description": "S3 bucket for asset \\"11a602c17b45efd2ac4777078c3279c660cffe70ccdb1680cd53c512c12fae3a\\"",
      "Type": "String",
    },
    "AssetParameters11a602c17b45efd2ac4777078c3279c660cffe70ccdb1680cd53c512c12fae3aS3VersionKeyCF7DA137": Object {
      "Description": "S3 key for asset version \\"11a602c17b45efd2ac4777078c3279c660cffe70ccdb1680cd53c512c12fae3a\\"",
      "Type": "String",
    },
    "AssetParameters19e5586c081b38e9eca5946ab576bd2bc81edd3495382f002e1b08c84ced447aArtifactHashCB06F386": Object {
      "Description": "Artifact hash for asset \\"19e5586c081b38e9eca5946ab576bd2bc81edd3495382f002e1b08c84ced447a\\"",
      "Type": "String",
    },
    "AssetParameters19e5586c081b38e9eca5946ab576bd2bc81edd3495382f002e1b08c84ced447aS3Bucket66F7D124": Object {
      "Description": "S3 bucket for asset \\"19e5586c081b38e9eca5946ab576bd2bc81edd3495382f002e1b08c84ced447a\\"",
      "Type": "String",
    },
    "AssetParameters19e5586c081b38e9eca5946ab576bd2bc81edd3495382f002e1b08c84ced447aS3VersionKey226B62EA": Object {
      "Description": "S3 key for asset version \\"19e5586c081b38e9eca5946ab576bd2bc81edd3495382f002e1b08c84ced447a\\"",
      "Type": "String",
    },
    "AssetParameters1f34df132253d293f885b313a53eb74f130f7b3cc7d311c4413ab72b8ef5ad48ArtifactHashBC60452B": Object {
      "Description": "Artifact hash for asset \\"1f34df132253d293f885b313a53eb74f130f7b3cc7d311c4413ab72b8ef5ad48\\"",
      "Type": "String",
    },
    "AssetParameters1f34df132253d293f885b313a53eb74f130f7b3cc7d311c4413ab72b8ef5ad48S3BucketC8D8F0B5": Object {
      "Description": "S3 bucket for asset \\"1f34df132253d293f885b313a53eb74f130f7b3cc7d311c4413ab72b8ef5ad48\\"",
      "Type": "String",
    },
    "AssetParameters1f34df132253d293f885b313a53eb74f130f7b3cc7d311c4413ab72b8ef5ad48S3VersionKey66C0FB0B": Object {
      "Description": "S3 key for asset version \\"1f34df132253d293f885b313a53eb74f130f7b3cc7d311c4413ab72b8ef5ad48\\"",
      "Type": "String",
    },
    "AssetParameters4011bc8713ebb0a31fc354cfe5aa8ab5f08110cda4f9c534d946ffe06d469aaaArtifactHash3859A019": Object {
      "Description": "Artifact hash for asset \\"4011bc8713ebb0a31fc354cfe5aa8ab5f08110cda4f9c534d946ffe06d469aaa\\"",
      "Type": "String",
    },
    "AssetParameters4011bc8713ebb0a31fc354cfe5aa8ab5f08110cda4f9c534d946ffe06d469aaaS3BucketA499118C": Object {
      "Description": "S3 bucket for asset \\"4011bc8713ebb0a31fc354cfe5aa8ab5f08110cda4f9c534d946ffe06d469aaa\\"",
      "Type": "String",
    },
    "AssetParameters4011bc8713ebb0a31fc354cfe5aa8ab5f08110cda4f9c534d946ffe06d469aaaS3VersionKey5C74ACC5": Object {
      "Description": "S3 key for asset version \\"4011bc8713ebb0a31fc354cfe5aa8ab5f08110cda4f9c534d946ffe06d469aaa\\"",
      "Type": "String",
    },
    "AssetParameters454b4ce58b9dde2142db9a02a805d1d1ae7d4ee5e74771da3fcca82fbad3b46fArtifactHashE806D2E9": Object {
      "Description": "Artifact hash for asset \\"454b4ce58b9dde2142db9a02a805d1d1ae7d4ee5e74771da3fcca82fbad3b46f\\"",
      "Type": "String",
    },
    "AssetParameters454b4ce58b9dde2142db9a02a805d1d1ae7d4ee5e74771da3fcca82fbad3b46fS3BucketDAAD0FD0": Object {
      "Description": "S3 bucket for asset \\"454b4ce58b9dde2142db9a02a805d1d1ae7d4ee5e74771da3fcca82fbad3b46f\\"",
      "Type": "String",
    },
    "AssetParameters454b4ce58b9dde2142db9a02a805d1d1ae7d4ee5e74771da3fcca82fbad3b46fS3VersionKey0B065DDD": Object {
      "Description": "S3 key for asset version \\"454b4ce58b9dde2142db9a02a805d1d1ae7d4ee5e74771da3fcca82fbad3b46f\\"",
      "Type": "String",
    },
    "AssetParameters4d09efa0b9351353774aa757cfa3690a3ac5b68d0376a2eb60d8eadcf4bf73bfArtifactHash0698CEAC": Object {
      "Description": "Artifact hash for asset \\"4d09efa0b9351353774aa757cfa3690a3ac5b68d0376a2eb60d8eadcf4bf73bf\\"",
      "Type": "String",
    },
    "AssetParameters4d09efa0b9351353774aa757cfa3690a3ac5b68d0376a2eb60d8eadcf4bf73bfS3BucketAF4DF723": Object {
      "Description": "S3 bucket for asset \\"4d09efa0b9351353774aa757cfa3690a3ac5b68d0376a2eb60d8eadcf4bf73bf\\"",
      "Type": "String",
    },
    "AssetParameters4d09efa0b9351353774aa757cfa3690a3ac5b68d0376a2eb60d8eadcf4bf73bfS3VersionKeyBDF8C724": Object {
      "Description": "S3 key for asset version \\"4d09efa0b9351353774aa757cfa3690a3ac5b68d0376a2eb60d8eadcf4bf73bf\\"",
      "Type": "String",
    },
  },
  "Resources": Object {
    "AccessLogD598EBE9": Object {
      "DeletionPolicy": "Retain",
      "Properties": Object {
        "AccessControl": "LogDeliveryWrite",
        "BucketEncryption": Object {
          "ServerSideEncryptionConfiguration": Array [
            Object {
              "ServerSideEncryptionByDefault": Object {
                "SSEAlgorithm": "AES256",
              },
            },
          ],
        },
        "PublicAccessBlockConfiguration": Object {
          "BlockPublicAcls": true,
          "BlockPublicPolicy": true,
          "IgnorePublicAcls": true,
          "RestrictPublicBuckets": true,
        },
      },
      "Type": "AWS::S3::Bucket",
      "UpdateReplacePolicy": "Retain",
    },
    "OrchestrationConstructImageAnalysisLambdaFunctionB2EC65DD": Object {
      "DependsOn": Array [
        "OrchestrationConstructImageAnalysisLambdaFunctionServiceRoleDefaultPolicy5CFD3347",
        "OrchestrationConstructImageAnalysisLambdaFunctionServiceRole8D0CDC70",
      ],
      "Metadata": Object {
        "cfn_nag": Object {
          "rules_to_suppress": Array [
            Object {
              "id": "W58",
              "reason": "Lambda functions has the required permission to write CloudWatch Logs. It uses custom policy instead of arn:aws:iam::aws:policy/service-role/AWSLambdaBasicExecutionRole with more tighter permissions.",
            },
          ],
        },
      },
      "Properties": Object {
        "Code": Object {
          "S3Bucket": Object {
            "Ref": "AssetParameters1f34df132253d293f885b313a53eb74f130f7b3cc7d311c4413ab72b8ef5ad48S3BucketC8D8F0B5",
          },
          "S3Key": Object {
            "Fn::Join": Array [
              "",
              Array [
                Object {
                  "Fn::Select": Array [
                    0,
                    Object {
                      "Fn::Split": Array [
                        "||",
                        Object {
                          "Ref": "AssetParameters1f34df132253d293f885b313a53eb74f130f7b3cc7d311c4413ab72b8ef5ad48S3VersionKey66C0FB0B",
                        },
                      ],
                    },
                  ],
                },
                Object {
                  "Fn::Select": Array [
                    1,
                    Object {
                      "Fn::Split": Array [
                        "||",
                        Object {
                          "Ref": "AssetParameters1f34df132253d293f885b313a53eb74f130f7b3cc7d311c4413ab72b8ef5ad48S3VersionKey66C0FB0B",
                        },
                      ],
                    },
                  ],
                },
              ],
            ],
          },
        },
        "Environment": Object {
          "Variables": Object {
            "AWS_NODEJS_CONNECTION_REUSE_ENABLED": "1",
            "S3_BUCKET_NAME": Object {
              "Ref": "OrchestrationConstructImageBucketS3Bucket20418E23",
            },
          },
        },
        "Handler": "index.handler",
        "Role": Object {
          "Fn::GetAtt": Array [
            "OrchestrationConstructImageAnalysisLambdaFunctionServiceRole8D0CDC70",
            "Arn",
          ],
        },
        "Runtime": "nodejs12.x",
        "Timeout": 600,
        "TracingConfig": Object {
          "Mode": "Active",
        },
      },
      "Type": "AWS::Lambda::Function",
    },
    "OrchestrationConstructImageAnalysisLambdaFunctionServiceRole8D0CDC70": Object {
      "Properties": Object {
        "AssumeRolePolicyDocument": Object {
          "Statement": Array [
            Object {
              "Action": "sts:AssumeRole",
              "Effect": "Allow",
              "Principal": Object {
                "Service": "lambda.amazonaws.com",
              },
            },
          ],
          "Version": "2012-10-17",
        },
        "Policies": Array [
          Object {
            "PolicyDocument": Object {
              "Statement": Array [
                Object {
                  "Action": Array [
                    "logs:CreateLogGroup",
                    "logs:CreateLogStream",
                    "logs:PutLogEvents",
                  ],
                  "Effect": "Allow",
                  "Resource": Object {
                    "Fn::Join": Array [
                      "",
                      Array [
                        "arn:",
                        Object {
                          "Ref": "AWS::Partition",
                        },
                        ":logs:",
                        Object {
                          "Ref": "AWS::Region",
                        },
                        ":",
                        Object {
                          "Ref": "AWS::AccountId",
                        },
                        ":log-group:/aws/lambda/*",
                      ],
                    ],
                  },
                },
              ],
              "Version": "2012-10-17",
            },
            "PolicyName": "LambdaFunctionServiceRolePolicy",
          },
        ],
      },
      "Type": "AWS::IAM::Role",
    },
    "OrchestrationConstructImageAnalysisLambdaFunctionServiceRoleDefaultPolicy5CFD3347": Object {
      "Metadata": Object {
        "cfn_nag": Object {
          "rules_to_suppress": Array [
            Object {
              "id": "W12",
              "reason": "Lambda needs the following minimum required permissions to send trace data to X-Ray.",
            },
          ],
        },
      },
      "Properties": Object {
        "PolicyDocument": Object {
          "Statement": Array [
            Object {
              "Action": Array [
                "xray:PutTraceSegments",
                "xray:PutTelemetryRecords",
              ],
              "Effect": "Allow",
              "Resource": "*",
            },
            Object {
              "Action": Array [
                "s3:GetObject*",
                "s3:GetBucket*",
                "s3:List*",
                "s3:DeleteObject*",
                "s3:PutObject*",
                "s3:Abort*",
              ],
              "Effect": "Allow",
              "Resource": Array [
                Object {
                  "Fn::GetAtt": Array [
                    "OrchestrationConstructImageBucketS3Bucket20418E23",
                    "Arn",
                  ],
                },
                Object {
                  "Fn::Join": Array [
                    "",
                    Array [
                      Object {
                        "Fn::GetAtt": Array [
                          "OrchestrationConstructImageBucketS3Bucket20418E23",
                          "Arn",
                        ],
                      },
                      "/*",
                    ],
                  ],
                },
              ],
            },
          ],
          "Version": "2012-10-17",
        },
        "PolicyName": "OrchestrationConstructImageAnalysisLambdaFunctionServiceRoleDefaultPolicy5CFD3347",
        "Roles": Array [
          Object {
            "Ref": "OrchestrationConstructImageAnalysisLambdaFunctionServiceRole8D0CDC70",
          },
        ],
      },
      "Type": "AWS::IAM::Policy",
    },
    "OrchestrationConstructImageBucketS3Bucket20418E23": Object {
      "DeletionPolicy": "Retain",
      "Properties": Object {
        "BucketEncryption": Object {
          "ServerSideEncryptionConfiguration": Array [
            Object {
              "ServerSideEncryptionByDefault": Object {
                "SSEAlgorithm": "AES256",
              },
            },
          ],
        },
        "LoggingConfiguration": Object {
          "DestinationBucketName": Object {
            "Ref": "AccessLogD598EBE9",
          },
          "LogFilePrefix": "OrchestrationConstruct/",
        },
        "PublicAccessBlockConfiguration": Object {
          "BlockPublicAcls": true,
          "BlockPublicPolicy": true,
          "IgnorePublicAcls": true,
          "RestrictPublicBuckets": true,
        },
      },
      "Type": "AWS::S3::Bucket",
      "UpdateReplacePolicy": "Retain",
    },
    "OrchestrationConstructImageBucketS3BucketPolicy6A71B078": Object {
      "Properties": Object {
        "Bucket": Object {
          "Ref": "OrchestrationConstructImageBucketS3Bucket20418E23",
        },
        "PolicyDocument": Object {
          "Statement": Array [
            Object {
              "Action": "*",
              "Condition": Object {
                "Bool": Object {
                  "aws:SecureTransport": "false",
                },
              },
              "Effect": "Deny",
              "Principal": "*",
              "Resource": Object {
                "Fn::Join": Array [
                  "",
                  Array [
                    Object {
                      "Fn::GetAtt": Array [
                        "OrchestrationConstructImageBucketS3Bucket20418E23",
                        "Arn",
                      ],
                    },
                    "/*",
                  ],
                ],
              },
              "Sid": "HttpsOnly",
            },
            Object {
              "Action": Array [
                "s3:List*",
                "s3:Get*",
              ],
              "Effect": "Allow",
              "Principal": Object {
                "Service": "rekognition.amazonaws.com",
              },
              "Resource": Array [
                Object {
                  "Fn::GetAtt": Array [
                    "OrchestrationConstructImageBucketS3Bucket20418E23",
                    "Arn",
                  ],
                },
                Object {
                  "Fn::Join": Array [
                    "",
                    Array [
                      Object {
                        "Fn::GetAtt": Array [
                          "OrchestrationConstructImageBucketS3Bucket20418E23",
                          "Arn",
                        ],
                      },
                      "/*",
                    ],
                  ],
                },
              ],
            },
          ],
          "Version": "2012-10-17",
        },
      },
      "Type": "AWS::S3::BucketPolicy",
    },
    "OrchestrationConstructLabelsRekAnalyzeC2C4DA03": Object {
      "Metadata": Object {
        "cfn_nag": Object {
          "rules_to_suppress": Array [
            Object {
              "id": "W12",
              "reason": "The * resource allows lambda function to access Amazon Rekognition services. The Rekognition services do not have a resource arn.
                  This permission is retricted to the lambda function responsible for accessing the Amazon Rekognition service",
            },
          ],
        },
      },
      "Properties": Object {
        "PolicyDocument": Object {
          "Statement": Array [
            Object {
              "Action": "rekognition:detectModerationLabels",
              "Effect": "Allow",
              "Resource": "*",
            },
          ],
          "Version": "2012-10-17",
        },
        "PolicyName": "OrchestrationConstructLabelsRekAnalyzeC2C4DA03",
        "Roles": Array [
          Object {
            "Ref": "OrchestrationConstructModerationLabelsLambdaFunctionServiceRoleF7ACBAFD",
          },
        ],
      },
      "Type": "AWS::IAM::Policy",
    },
    "OrchestrationConstructLambdaComprehendPolicy140F9123": Object {
      "Metadata": Object {
        "cfn_nag": Object {
          "rules_to_suppress": Array [
            Object {
              "id": "W12",
              "reason": "The * resource allows lambda function to access Amazon Comprehend services.
                  The comprehend services not have a resource arn. This permission is retricted to
                   the lambda function responsible for accessing the Amazon Comprehend service",
            },
          ],
        },
      },
      "Properties": Object {
        "PolicyDocument": Object {
          "Statement": Array [
            Object {
              "Action": Array [
                "comprehend:DetectSentiment",
                "comprehend:DetectEntities",
                "comprehend:DetectKeyPhrases",
              ],
              "Effect": "Allow",
              "Resource": "*",
            },
          ],
          "Version": "2012-10-17",
        },
        "PolicyName": "OrchestrationConstructLambdaComprehendPolicy140F9123",
        "Roles": Array [
          Object {
            "Ref": "OrchestrationConstructTextAnalysisLambdaFunctionServiceRoleE828FCCC",
          },
        ],
      },
      "Type": "AWS::IAM::Policy",
    },
    "OrchestrationConstructLambdaEventBusPolicy557A2842": Object {
      "Properties": Object {
        "PolicyDocument": Object {
          "Statement": Array [
            Object {
              "Action": "events:PutEvents",
              "Effect": "Allow",
              "Resource": Object {
                "Fn::GetAtt": Array [
                  "TestEventBus12626D66",
                  "Arn",
                ],
              },
            },
          ],
          "Version": "2012-10-17",
        },
        "PolicyName": "OrchestrationConstructLambdaEventBusPolicy557A2842",
        "Roles": Array [
          Object {
            "Ref": "OrchestrationConstructPublishEventsLambdaFunctionServiceRole4EA0B6AB",
          },
        ],
      },
      "Type": "AWS::IAM::Policy",
    },
    "OrchestrationConstructModerationLabelsLambdaFunction299A68E1": Object {
      "DependsOn": Array [
        "OrchestrationConstructModerationLabelsLambdaFunctionServiceRoleDefaultPolicy93642C99",
        "OrchestrationConstructModerationLabelsLambdaFunctionServiceRoleF7ACBAFD",
      ],
      "Metadata": Object {
        "cfn_nag": Object {
          "rules_to_suppress": Array [
            Object {
              "id": "W58",
              "reason": "Lambda functions has the required permission to write CloudWatch Logs. It uses custom policy instead of arn:aws:iam::aws:policy/service-role/AWSLambdaBasicExecutionRole with more tighter permissions.",
            },
          ],
        },
      },
      "Properties": Object {
        "Code": Object {
          "S3Bucket": Object {
            "Ref": "AssetParameters11a602c17b45efd2ac4777078c3279c660cffe70ccdb1680cd53c512c12fae3aS3BucketFB5C8110",
          },
          "S3Key": Object {
            "Fn::Join": Array [
              "",
              Array [
                Object {
                  "Fn::Select": Array [
                    0,
                    Object {
                      "Fn::Split": Array [
                        "||",
                        Object {
                          "Ref": "AssetParameters11a602c17b45efd2ac4777078c3279c660cffe70ccdb1680cd53c512c12fae3aS3VersionKeyCF7DA137",
                        },
                      ],
                    },
                  ],
                },
                Object {
                  "Fn::Select": Array [
                    1,
                    Object {
                      "Fn::Split": Array [
                        "||",
                        Object {
                          "Ref": "AssetParameters11a602c17b45efd2ac4777078c3279c660cffe70ccdb1680cd53c512c12fae3aS3VersionKeyCF7DA137",
                        },
                      ],
                    },
                  ],
                },
              ],
            ],
          },
        },
        "Environment": Object {
          "Variables": Object {
            "AWS_NODEJS_CONNECTION_REUSE_ENABLED": "1",
            "S3_BUCKET_NAME": Object {
              "Ref": "OrchestrationConstructImageBucketS3Bucket20418E23",
            },
          },
        },
        "Handler": "index.handler",
        "Role": Object {
          "Fn::GetAtt": Array [
            "OrchestrationConstructModerationLabelsLambdaFunctionServiceRoleF7ACBAFD",
            "Arn",
          ],
        },
        "Runtime": "nodejs12.x",
        "Timeout": 300,
        "TracingConfig": Object {
          "Mode": "Active",
        },
      },
      "Type": "AWS::Lambda::Function",
    },
    "OrchestrationConstructModerationLabelsLambdaFunctionServiceRoleDefaultPolicy93642C99": Object {
      "Metadata": Object {
        "cfn_nag": Object {
          "rules_to_suppress": Array [
            Object {
              "id": "W12",
              "reason": "Lambda needs the following minimum required permissions to send trace data to X-Ray.",
            },
          ],
        },
      },
      "Properties": Object {
        "PolicyDocument": Object {
          "Statement": Array [
            Object {
              "Action": Array [
                "xray:PutTraceSegments",
                "xray:PutTelemetryRecords",
              ],
              "Effect": "Allow",
              "Resource": "*",
            },
            Object {
              "Action": Array [
                "s3:GetObject*",
                "s3:GetBucket*",
                "s3:List*",
                "s3:DeleteObject*",
                "s3:PutObject*",
                "s3:Abort*",
              ],
              "Effect": "Allow",
              "Resource": Array [
                Object {
                  "Fn::GetAtt": Array [
                    "OrchestrationConstructImageBucketS3Bucket20418E23",
                    "Arn",
                  ],
                },
                Object {
                  "Fn::Join": Array [
                    "",
                    Array [
                      Object {
                        "Fn::GetAtt": Array [
                          "OrchestrationConstructImageBucketS3Bucket20418E23",
                          "Arn",
                        ],
                      },
                      "/*",
                    ],
                  ],
                },
              ],
            },
          ],
          "Version": "2012-10-17",
        },
        "PolicyName": "OrchestrationConstructModerationLabelsLambdaFunctionServiceRoleDefaultPolicy93642C99",
        "Roles": Array [
          Object {
            "Ref": "OrchestrationConstructModerationLabelsLambdaFunctionServiceRoleF7ACBAFD",
          },
        ],
      },
      "Type": "AWS::IAM::Policy",
    },
    "OrchestrationConstructModerationLabelsLambdaFunctionServiceRoleF7ACBAFD": Object {
      "Properties": Object {
        "AssumeRolePolicyDocument": Object {
          "Statement": Array [
            Object {
              "Action": "sts:AssumeRole",
              "Effect": "Allow",
              "Principal": Object {
                "Service": "lambda.amazonaws.com",
              },
            },
          ],
          "Version": "2012-10-17",
        },
        "Policies": Array [
          Object {
            "PolicyDocument": Object {
              "Statement": Array [
                Object {
                  "Action": Array [
                    "logs:CreateLogGroup",
                    "logs:CreateLogStream",
                    "logs:PutLogEvents",
                  ],
                  "Effect": "Allow",
                  "Resource": Object {
                    "Fn::Join": Array [
                      "",
                      Array [
                        "arn:",
                        Object {
                          "Ref": "AWS::Partition",
                        },
                        ":logs:",
                        Object {
                          "Ref": "AWS::Region",
                        },
                        ":",
                        Object {
                          "Ref": "AWS::AccountId",
                        },
                        ":log-group:/aws/lambda/*",
                      ],
                    ],
                  },
                },
              ],
              "Version": "2012-10-17",
            },
            "PolicyName": "LambdaFunctionServiceRolePolicy",
          },
        ],
      },
      "Type": "AWS::IAM::Role",
    },
    "OrchestrationConstructPublishEventsLambdaFunctionE1376EA6": Object {
      "DependsOn": Array [
        "OrchestrationConstructPublishEventsLambdaFunctionServiceRoleDefaultPolicy320C691C",
        "OrchestrationConstructPublishEventsLambdaFunctionServiceRole4EA0B6AB",
      ],
      "Metadata": Object {
        "cfn_nag": Object {
          "rules_to_suppress": Array [
            Object {
              "id": "W58",
              "reason": "Lambda functions has the required permission to write CloudWatch Logs. It uses custom policy instead of arn:aws:iam::aws:policy/service-role/AWSLambdaBasicExecutionRole with more tighter permissions.",
            },
          ],
        },
      },
      "Properties": Object {
        "Code": Object {
          "S3Bucket": Object {
            "Ref": "AssetParameters4011bc8713ebb0a31fc354cfe5aa8ab5f08110cda4f9c534d946ffe06d469aaaS3BucketA499118C",
          },
          "S3Key": Object {
            "Fn::Join": Array [
              "",
              Array [
                Object {
                  "Fn::Select": Array [
                    0,
                    Object {
                      "Fn::Split": Array [
                        "||",
                        Object {
                          "Ref": "AssetParameters4011bc8713ebb0a31fc354cfe5aa8ab5f08110cda4f9c534d946ffe06d469aaaS3VersionKey5C74ACC5",
                        },
                      ],
                    },
                  ],
                },
                Object {
                  "Fn::Select": Array [
                    1,
                    Object {
                      "Fn::Split": Array [
                        "||",
                        Object {
                          "Ref": "AssetParameters4011bc8713ebb0a31fc354cfe5aa8ab5f08110cda4f9c534d946ffe06d469aaaS3VersionKey5C74ACC5",
                        },
                      ],
                    },
                  ],
                },
              ],
            ],
          },
        },
        "Environment": Object {
          "Variables": Object {
            "AWS_NODEJS_CONNECTION_REUSE_ENABLED": "1",
            "EVENT_BUS_NAME": Object {
              "Ref": "TestEventBus12626D66",
            },
            "EVENT_NAMESPACE": "com.test.text",
          },
        },
        "Handler": "index.handler",
        "MemorySize": 256,
        "Role": Object {
          "Fn::GetAtt": Array [
            "OrchestrationConstructPublishEventsLambdaFunctionServiceRole4EA0B6AB",
            "Arn",
          ],
        },
        "Runtime": "nodejs12.x",
        "Timeout": 300,
        "TracingConfig": Object {
          "Mode": "Active",
        },
      },
      "Type": "AWS::Lambda::Function",
    },
    "OrchestrationConstructPublishEventsLambdaFunctionServiceRole4EA0B6AB": Object {
      "Properties": Object {
        "AssumeRolePolicyDocument": Object {
          "Statement": Array [
            Object {
              "Action": "sts:AssumeRole",
              "Effect": "Allow",
              "Principal": Object {
                "Service": "lambda.amazonaws.com",
              },
            },
          ],
          "Version": "2012-10-17",
        },
        "Policies": Array [
          Object {
            "PolicyDocument": Object {
              "Statement": Array [
                Object {
                  "Action": Array [
                    "logs:CreateLogGroup",
                    "logs:CreateLogStream",
                    "logs:PutLogEvents",
                  ],
                  "Effect": "Allow",
                  "Resource": Object {
                    "Fn::Join": Array [
                      "",
                      Array [
                        "arn:",
                        Object {
                          "Ref": "AWS::Partition",
                        },
                        ":logs:",
                        Object {
                          "Ref": "AWS::Region",
                        },
                        ":",
                        Object {
                          "Ref": "AWS::AccountId",
                        },
                        ":log-group:/aws/lambda/*",
                      ],
                    ],
                  },
                },
              ],
              "Version": "2012-10-17",
            },
            "PolicyName": "LambdaFunctionServiceRolePolicy",
          },
        ],
      },
      "Type": "AWS::IAM::Role",
    },
    "OrchestrationConstructPublishEventsLambdaFunctionServiceRoleDefaultPolicy320C691C": Object {
      "Metadata": Object {
        "cfn_nag": Object {
          "rules_to_suppress": Array [
            Object {
              "id": "W12",
              "reason": "Lambda needs the following minimum required permissions to send trace data to X-Ray.",
            },
          ],
        },
      },
      "Properties": Object {
        "PolicyDocument": Object {
          "Statement": Array [
            Object {
              "Action": Array [
                "xray:PutTraceSegments",
                "xray:PutTelemetryRecords",
              ],
              "Effect": "Allow",
              "Resource": "*",
            },
          ],
          "Version": "2012-10-17",
        },
        "PolicyName": "OrchestrationConstructPublishEventsLambdaFunctionServiceRoleDefaultPolicy320C691C",
        "Roles": Array [
          Object {
            "Ref": "OrchestrationConstructPublishEventsLambdaFunctionServiceRole4EA0B6AB",
          },
        ],
      },
      "Type": "AWS::IAM::Policy",
    },
    "OrchestrationConstructRawForTAFirehoseRoleDefaultPolicyFC48CB0E": Object {
      "Properties": Object {
        "PolicyDocument": Object {
          "Statement": Array [
            Object {
              "Action": Array [
                "s3:GetObject*",
                "s3:GetBucket*",
                "s3:List*",
                "s3:DeleteObject*",
                "s3:PutObject*",
                "s3:Abort*",
              ],
              "Effect": "Allow",
              "Resource": Array [
                Object {
                  "Fn::GetAtt": Array [
                    "OrchestrationConstructS3Bucket2727DF68",
                    "Arn",
                  ],
                },
                Object {
                  "Fn::Join": Array [
                    "",
                    Array [
                      Object {
                        "Fn::GetAtt": Array [
                          "OrchestrationConstructS3Bucket2727DF68",
                          "Arn",
                        ],
                      },
                      "/*",
                    ],
                  ],
                },
              ],
            },
          ],
          "Version": "2012-10-17",
        },
        "PolicyName": "OrchestrationConstructRawForTAFirehoseRoleDefaultPolicyFC48CB0E",
        "Roles": Array [
          Object {
            "Ref": "OrchestrationConstructRawForTAFirehoseRoleF2BBC200",
          },
        ],
      },
      "Type": "AWS::IAM::Policy",
    },
    "OrchestrationConstructRawForTAFirehoseRoleF2BBC200": Object {
      "Properties": Object {
        "AssumeRolePolicyDocument": Object {
          "Statement": Array [
            Object {
              "Action": "sts:AssumeRole",
              "Effect": "Allow",
              "Principal": Object {
                "Service": "firehose.amazonaws.com",
              },
            },
          ],
          "Version": "2012-10-17",
        },
      },
      "Type": "AWS::IAM::Role",
    },
    "OrchestrationConstructRawForTAKinesisFirehoseE86C4BDA": Object {
      "DependsOn": Array [
        "OrchestrationConstructRawForTAFirehoseRoleDefaultPolicyFC48CB0E",
        "OrchestrationConstructRawForTAFirehoseRoleF2BBC200",
      ],
      "Properties": Object {
        "ExtendedS3DestinationConfiguration": Object {
          "BucketARN": Object {
            "Fn::GetAtt": Array [
              "OrchestrationConstructS3Bucket2727DF68",
              "Arn",
            ],
          },
          "BufferingHints": Object {
            "IntervalInSeconds": 600,
            "SizeInMBs": 64,
          },
          "CloudWatchLoggingOptions": Object {
            "Enabled": true,
            "LogGroupName": Object {
              "Ref": "OrchestrationConstructRawForTAKinesisFirehosefirehoseloggroupF92AB0AD",
            },
            "LogStreamName": Object {
              "Ref": "OrchestrationConstructRawForTAKinesisFirehosefirehoseloggroupfirehoselogstream88E0B257",
            },
          },
          "CompressionFormat": "UNCOMPRESSED",
          "EncryptionConfiguration": Object {
            "KMSEncryptionConfig": Object {
              "AWSKMSKeyARN": Object {
                "Fn::Join": Array [
                  "",
                  Array [
                    "arn:",
                    Object {
                      "Ref": "AWS::Partition",
                    },
                    ":kms:",
                    Object {
                      "Ref": "AWS::Region",
                    },
                    ":",
                    Object {
                      "Ref": "AWS::AccountId",
                    },
                    ":alias/aws/s3",
                  ],
                ],
              },
            },
          },
          "RoleARN": Object {
            "Fn::GetAtt": Array [
              "OrchestrationConstructRawForTAFirehoseRoleF2BBC200",
              "Arn",
            ],
          },
        },
      },
      "Type": "AWS::KinesisFirehose::DeliveryStream",
    },
    "OrchestrationConstructRawForTAKinesisFirehoseKinesisFirehosePolicyFEB8F134": Object {
      "Properties": Object {
        "PolicyDocument": Object {
          "Statement": Array [
            Object {
              "Action": Array [
                "s3:AbortMultipartUpload",
                "s3:GetBucketLocation",
                "s3:GetObject",
                "s3:ListBucket",
                "s3:ListBucketMultipartUploads",
                "s3:PutObject",
              ],
              "Effect": "Allow",
              "Resource": Array [
                Object {
                  "Fn::GetAtt": Array [
                    "OrchestrationConstructS3Bucket2727DF68",
                    "Arn",
                  ],
                },
                Object {
                  "Fn::Join": Array [
                    "",
                    Array [
                      Object {
                        "Fn::GetAtt": Array [
                          "OrchestrationConstructS3Bucket2727DF68",
                          "Arn",
                        ],
                      },
                      "/*",
                    ],
                  ],
                },
              ],
            },
            Object {
              "Action": "logs:PutLogEvents",
              "Effect": "Allow",
              "Resource": Object {
                "Fn::Join": Array [
                  "",
                  Array [
                    "arn:",
                    Object {
                      "Ref": "AWS::Partition",
                    },
                    ":logs:",
                    Object {
                      "Ref": "AWS::Region",
                    },
                    ":",
                    Object {
                      "Ref": "AWS::AccountId",
                    },
                    ":log-group:",
                    Object {
                      "Ref": "OrchestrationConstructRawForTAKinesisFirehosefirehoseloggroupF92AB0AD",
                    },
                    ":log-stream:",
                    Object {
                      "Ref": "OrchestrationConstructRawForTAKinesisFirehosefirehoseloggroupfirehoselogstream88E0B257",
                    },
                  ],
                ],
              },
            },
          ],
          "Version": "2012-10-17",
        },
        "PolicyName": "OrchestrationConstructRawForTAKinesisFirehoseKinesisFirehosePolicyFEB8F134",
        "Roles": Array [
          Object {
            "Ref": "OrchestrationConstructRawForTAKinesisFirehoseKinesisFirehoseRole7BE1E3D7",
          },
        ],
      },
      "Type": "AWS::IAM::Policy",
    },
    "OrchestrationConstructRawForTAKinesisFirehoseKinesisFirehoseRole7BE1E3D7": Object {
      "Properties": Object {
        "AssumeRolePolicyDocument": Object {
          "Statement": Array [
            Object {
              "Action": "sts:AssumeRole",
              "Effect": "Allow",
              "Principal": Object {
                "Service": "firehose.amazonaws.com",
              },
            },
          ],
          "Version": "2012-10-17",
        },
      },
      "Type": "AWS::IAM::Role",
    },
    "OrchestrationConstructRawForTAKinesisFirehosefirehoseloggroupF92AB0AD": Object {
      "DeletionPolicy": "Retain",
      "Type": "AWS::Logs::LogGroup",
      "UpdateReplacePolicy": "Retain",
    },
    "OrchestrationConstructRawForTAKinesisFirehosefirehoseloggroupfirehoselogstream88E0B257": Object {
      "DeletionPolicy": "Retain",
      "Properties": Object {
        "LogGroupName": Object {
          "Ref": "OrchestrationConstructRawForTAKinesisFirehosefirehoseloggroupF92AB0AD",
        },
      },
      "Type": "AWS::Logs::LogStream",
      "UpdateReplacePolicy": "Retain",
    },
    "OrchestrationConstructS3Bucket2727DF68": Object {
      "DeletionPolicy": "Retain",
      "Properties": Object {
        "BucketEncryption": Object {
          "ServerSideEncryptionConfiguration": Array [
            Object {
              "ServerSideEncryptionByDefault": Object {
                "SSEAlgorithm": "AES256",
              },
            },
          ],
        },
        "LoggingConfiguration": Object {
          "DestinationBucketName": Object {
            "Ref": "AccessLogD598EBE9",
          },
          "LogFilePrefix": "OrchestrationConstruct/",
        },
        "PublicAccessBlockConfiguration": Object {
          "BlockPublicAcls": true,
          "BlockPublicPolicy": true,
          "IgnorePublicAcls": true,
          "RestrictPublicBuckets": true,
        },
      },
      "Type": "AWS::S3::Bucket",
      "UpdateReplacePolicy": "Retain",
    },
    "OrchestrationConstructS3BucketPolicy84DB4878": Object {
      "Properties": Object {
        "Bucket": Object {
          "Ref": "OrchestrationConstructS3Bucket2727DF68",
        },
        "PolicyDocument": Object {
          "Statement": Array [
            Object {
              "Action": "*",
              "Condition": Object {
                "Bool": Object {
                  "aws:SecureTransport": "false",
                },
              },
              "Effect": "Deny",
              "Principal": "*",
              "Resource": Object {
                "Fn::Join": Array [
                  "",
                  Array [
                    Object {
                      "Fn::GetAtt": Array [
                        "OrchestrationConstructS3Bucket2727DF68",
                        "Arn",
                      ],
                    },
                    "/*",
                  ],
                ],
              },
              "Sid": "HttpsOnly",
            },
          ],
          "Version": "2012-10-17",
        },
      },
      "Type": "AWS::S3::BucketPolicy",
    },
    "OrchestrationConstructStateMachineWorkflowEngineExecutionAbortedAlarmFA7A72F2": Object {
      "Properties": Object {
        "AlarmDescription": "Alarm for the number of executions that aborted exceeded the threshold of 1. ",
        "ComparisonOperator": "GreaterThanOrEqualToThreshold",
        "Dimensions": Array [
          Object {
            "Name": "StateMachineArn",
            "Value": Object {
              "Ref": "OrchestrationConstructStateMachineWorkflowEngineStateMachineA5FF5C05",
            },
          },
        ],
        "EvaluationPeriods": 1,
        "MetricName": "ExecutionsAborted",
        "Namespace": "AWS/States",
        "Period": 300,
        "Statistic": "Maximum",
        "Threshold": 1,
      },
      "Type": "AWS::CloudWatch::Alarm",
    },
    "OrchestrationConstructStateMachineWorkflowEngineExecutionFailedAlarm5512CA66": Object {
      "Properties": Object {
        "AlarmDescription": "Alarm for the number of executions that failed exceeded the threshold of 1. ",
        "ComparisonOperator": "GreaterThanOrEqualToThreshold",
        "Dimensions": Array [
          Object {
            "Name": "StateMachineArn",
            "Value": Object {
              "Ref": "OrchestrationConstructStateMachineWorkflowEngineStateMachineA5FF5C05",
            },
          },
        ],
        "EvaluationPeriods": 1,
        "MetricName": "ExecutionsFailed",
        "Namespace": "AWS/States",
        "Period": 300,
        "Statistic": "Sum",
        "Threshold": 1,
      },
      "Type": "AWS::CloudWatch::Alarm",
    },
    "OrchestrationConstructStateMachineWorkflowEngineExecutionThrottledAlarmE931A386": Object {
      "Properties": Object {
        "AlarmDescription": "Alarm for the number of executions that throttled exceeded the threshold of 1. ",
        "ComparisonOperator": "GreaterThanOrEqualToThreshold",
        "Dimensions": Array [
          Object {
            "Name": "StateMachineArn",
            "Value": Object {
              "Ref": "OrchestrationConstructStateMachineWorkflowEngineStateMachineA5FF5C05",
            },
          },
        ],
        "EvaluationPeriods": 1,
        "MetricName": "ExecutionThrottled",
        "Namespace": "AWS/States",
        "Period": 300,
        "Statistic": "Sum",
        "Threshold": 1,
      },
      "Type": "AWS::CloudWatch::Alarm",
    },
    "OrchestrationConstructStateMachineWorkflowEngineStateMachineA5FF5C05": Object {
      "DependsOn": Array [
        "OrchestrationConstructStateMachineWorkflowEngineStateMachineRoleDefaultPolicy1C64BE7B",
        "OrchestrationConstructStateMachineWorkflowEngineStateMachineRole21FD21B0",
      ],
      "Properties": Object {
        "DefinitionString": Object {
          "Fn::Join": Array [
            "",
            Array [
              "{\\"StartAt\\":\\"AnalyzeImage\\",\\"States\\":{\\"AnalyzeImage\\":{\\"Next\\":\\"TextImageSplitProcess\\",\\"Type\\":\\"Task\\",\\"Resource\\":\\"",
              Object {
                "Fn::GetAtt": Array [
                  "OrchestrationConstructImageAnalysisLambdaFunctionB2EC65DD",
                  "Arn",
                ],
              },
              "\\"},\\"TextImageSplitProcess\\":{\\"Type\\":\\"Parallel\\",\\"Comment\\":\\"Parallely process Text and Image\\",\\"Next\\":\\"MergeJson\\",\\"InputPath\\":\\"$\\",\\"OutputPath\\":\\"$\\",\\"Branches\\":[{\\"StartAt\\":\\"DetectModerationLabels\\",\\"States\\":{\\"DetectModerationLabels\\":{\\"End\\":true,\\"Type\\":\\"Task\\",\\"Resource\\":\\"",
              Object {
                "Fn::GetAtt": Array [
                  "OrchestrationConstructModerationLabelsLambdaFunction299A68E1",
                  "Arn",
                ],
              },
              "\\"}}},{\\"StartAt\\":\\"Translate\\",\\"States\\":{\\"Translate\\":{\\"Next\\":\\"AnalyzeText\\",\\"Type\\":\\"Task\\",\\"Resource\\":\\"",
              Object {
                "Fn::GetAtt": Array [
                  "OrchestrationConstructTranslateLambdaFunctionE2F10F5D",
                  "Arn",
                ],
              },
              "\\"},\\"AnalyzeText\\":{\\"End\\":true,\\"Type\\":\\"Task\\",\\"Resource\\":\\"",
              Object {
                "Fn::GetAtt": Array [
                  "OrchestrationConstructTextAnalysisLambdaFunction4FD55606",
                  "Arn",
                ],
              },
              "\\"}}}]},\\"MergeJson\\":{\\"Type\\":\\"Pass\\",\\"Parameters\\":{\\"account_name.$\\":\\"$[1].account_name\\",\\"platform.$\\":\\"$[1].platform\\",\\"search_query.$\\":\\"$[1].search_query\\",\\"feed.$\\":\\"$[1].feed\\",\\"Sentiment.$\\":\\"$[1].Sentiment\\",\\"SentimentScore.$\\":\\"$[1].SentimentScore\\",\\"KeyPhrases.$\\":\\"$[1].KeyPhrases\\",\\"Entities.$\\":\\"$[1].Entities\\",\\"moderation_labels_in_imgs.$\\":\\"$[0].moderation_labels_in_imgs\\",\\"text_in_images.$\\":\\"$[1].text_in_images\\"},\\"Next\\":\\"PublishEvent\\"},\\"PublishEvent\\":{\\"Next\\":\\"Success\\",\\"Type\\":\\"Task\\",\\"Resource\\":\\"",
              Object {
                "Fn::GetAtt": Array [
                  "OrchestrationConstructPublishEventsLambdaFunctionE1376EA6",
                  "Arn",
                ],
              },
              "\\"},\\"Success\\":{\\"Type\\":\\"Succeed\\"}}}",
            ],
          ],
        },
        "LoggingConfiguration": Object {
          "Destinations": Array [
            Object {
              "CloudWatchLogsLogGroup": Object {
                "LogGroupArn": Object {
                  "Fn::GetAtt": Array [
                    "OrchestrationConstructStateMachineWorkflowEngineStateMachineLogGroup1C3FDDB1",
                    "Arn",
                  ],
                },
              },
            },
          ],
          "Level": "ERROR",
        },
        "RoleArn": Object {
          "Fn::GetAtt": Array [
            "OrchestrationConstructStateMachineWorkflowEngineStateMachineRole21FD21B0",
            "Arn",
          ],
        },
      },
      "Type": "AWS::StepFunctions::StateMachine",
    },
    "OrchestrationConstructStateMachineWorkflowEngineStateMachineLogGroup1C3FDDB1": Object {
      "DeletionPolicy": "Retain",
      "Type": "AWS::Logs::LogGroup",
      "UpdateReplacePolicy": "Retain",
    },
    "OrchestrationConstructStateMachineWorkflowEngineStateMachineRole21FD21B0": Object {
      "Properties": Object {
        "AssumeRolePolicyDocument": Object {
          "Statement": Array [
            Object {
              "Action": "sts:AssumeRole",
              "Effect": "Allow",
              "Principal": Object {
                "Service": Object {
                  "Fn::Join": Array [
                    "",
                    Array [
                      "states.",
                      Object {
                        "Ref": "AWS::Region",
                      },
                      ".amazonaws.com",
                    ],
                  ],
                },
              },
            },
          ],
          "Version": "2012-10-17",
        },
      },
      "Type": "AWS::IAM::Role",
    },
    "OrchestrationConstructStateMachineWorkflowEngineStateMachineRoleDefaultPolicy1C64BE7B": Object {
      "Metadata": Object {
        "cfn_nag": Object {
          "rules_to_suppress": Array [
            Object {
              "id": "W76",
              "reason": "The policy adds cloudwatch alarms and allows step function to invoke lambda tasks. Suppressing the                     SPCM violation as this policy is required to monitor as well as invoke specific tasks",
            },
            Object {
              "id": "W12",
              "reason": "The 'LogDelivery' actions do not support resource-level authorizations",
            },
          ],
        },
      },
      "Properties": Object {
        "PolicyDocument": Object {
          "Statement": Array [
            Object {
              "Action": Array [
                "logs:CreateLogDelivery",
                "logs:GetLogDelivery",
                "logs:UpdateLogDelivery",
                "logs:DeleteLogDelivery",
                "logs:ListLogDeliveries",
              ],
              "Effect": "Allow",
              "Resource": "*",
            },
            Object {
              "Action": "lambda:InvokeFunction",
              "Effect": "Allow",
              "Resource": Object {
                "Fn::GetAtt": Array [
                  "OrchestrationConstructImageAnalysisLambdaFunctionB2EC65DD",
                  "Arn",
                ],
              },
            },
            Object {
              "Action": "lambda:InvokeFunction",
              "Effect": "Allow",
              "Resource": Object {
                "Fn::GetAtt": Array [
                  "OrchestrationConstructPublishEventsLambdaFunctionE1376EA6",
                  "Arn",
                ],
              },
            },
            Object {
              "Action": "lambda:InvokeFunction",
              "Effect": "Allow",
              "Resource": Object {
                "Fn::GetAtt": Array [
                  "OrchestrationConstructModerationLabelsLambdaFunction299A68E1",
                  "Arn",
                ],
              },
            },
            Object {
              "Action": "lambda:InvokeFunction",
              "Effect": "Allow",
              "Resource": Object {
                "Fn::GetAtt": Array [
                  "OrchestrationConstructTranslateLambdaFunctionE2F10F5D",
                  "Arn",
                ],
              },
            },
            Object {
              "Action": "lambda:InvokeFunction",
              "Effect": "Allow",
              "Resource": Object {
                "Fn::GetAtt": Array [
                  "OrchestrationConstructTextAnalysisLambdaFunction4FD55606",
                  "Arn",
                ],
              },
            },
            Object {
              "Action": Array [
                "logs:PutResourcePolicy",
                "logs:DescribeResourcePolicies",
                "logs:DescribeLogGroups",
              ],
              "Effect": "Allow",
              "Resource": Object {
                "Fn::Join": Array [
                  "",
                  Array [
                    "arn:",
                    Object {
                      "Ref": "AWS::Partition",
                    },
                    ":logs:",
                    Object {
                      "Ref": "AWS::Region",
                    },
                    ":",
                    Object {
                      "Ref": "AWS::AccountId",
                    },
                    ":*",
                  ],
                ],
              },
            },
          ],
          "Version": "2012-10-17",
        },
        "PolicyName": "OrchestrationConstructStateMachineWorkflowEngineStateMachineRoleDefaultPolicy1C64BE7B",
        "Roles": Array [
          Object {
            "Ref": "OrchestrationConstructStateMachineWorkflowEngineStateMachineRole21FD21B0",
          },
        ],
      },
      "Type": "AWS::IAM::Policy",
    },
    "OrchestrationConstructTextAnalysisLambdaFunction4FD55606": Object {
      "DependsOn": Array [
        "OrchestrationConstructTextAnalysisLambdaFunctionServiceRoleDefaultPolicy1788CF27",
        "OrchestrationConstructTextAnalysisLambdaFunctionServiceRoleE828FCCC",
      ],
      "Metadata": Object {
        "cfn_nag": Object {
          "rules_to_suppress": Array [
            Object {
              "id": "W58",
              "reason": "Lambda functions has the required permission to write CloudWatch Logs. It uses custom policy instead of arn:aws:iam::aws:policy/service-role/AWSLambdaBasicExecutionRole with more tighter permissions.",
            },
          ],
        },
      },
      "Properties": Object {
        "Code": Object {
          "S3Bucket": Object {
            "Ref": "AssetParameters19e5586c081b38e9eca5946ab576bd2bc81edd3495382f002e1b08c84ced447aS3Bucket66F7D124",
          },
          "S3Key": Object {
            "Fn::Join": Array [
              "",
              Array [
                Object {
                  "Fn::Select": Array [
                    0,
                    Object {
                      "Fn::Split": Array [
                        "||",
                        Object {
                          "Ref": "AssetParameters19e5586c081b38e9eca5946ab576bd2bc81edd3495382f002e1b08c84ced447aS3VersionKey226B62EA",
                        },
                      ],
                    },
                  ],
                },
                Object {
                  "Fn::Select": Array [
                    1,
                    Object {
                      "Fn::Split": Array [
                        "||",
                        Object {
                          "Ref": "AssetParameters19e5586c081b38e9eca5946ab576bd2bc81edd3495382f002e1b08c84ced447aS3VersionKey226B62EA",
                        },
                      ],
                    },
                  ],
                },
              ],
            ],
          },
        },
        "Environment": Object {
          "Variables": Object {
            "AWS_NODEJS_CONNECTION_REUSE_ENABLED": "1",
          },
        },
        "Handler": "index.handler",
        "Role": Object {
          "Fn::GetAtt": Array [
            "OrchestrationConstructTextAnalysisLambdaFunctionServiceRoleE828FCCC",
            "Arn",
          ],
        },
        "Runtime": "nodejs12.x",
        "Timeout": 300,
        "TracingConfig": Object {
          "Mode": "Active",
        },
      },
      "Type": "AWS::Lambda::Function",
    },
    "OrchestrationConstructTextAnalysisLambdaFunctionServiceRoleDefaultPolicy1788CF27": Object {
      "Metadata": Object {
        "cfn_nag": Object {
          "rules_to_suppress": Array [
            Object {
              "id": "W12",
              "reason": "Lambda needs the following minimum required permissions to send trace data to X-Ray.",
            },
          ],
        },
      },
      "Properties": Object {
        "PolicyDocument": Object {
          "Statement": Array [
            Object {
              "Action": Array [
                "xray:PutTraceSegments",
                "xray:PutTelemetryRecords",
              ],
              "Effect": "Allow",
              "Resource": "*",
            },
          ],
          "Version": "2012-10-17",
        },
        "PolicyName": "OrchestrationConstructTextAnalysisLambdaFunctionServiceRoleDefaultPolicy1788CF27",
        "Roles": Array [
          Object {
            "Ref": "OrchestrationConstructTextAnalysisLambdaFunctionServiceRoleE828FCCC",
          },
        ],
      },
      "Type": "AWS::IAM::Policy",
    },
    "OrchestrationConstructTextAnalysisLambdaFunctionServiceRoleE828FCCC": Object {
      "Properties": Object {
        "AssumeRolePolicyDocument": Object {
          "Statement": Array [
            Object {
              "Action": "sts:AssumeRole",
              "Effect": "Allow",
              "Principal": Object {
                "Service": "lambda.amazonaws.com",
              },
            },
          ],
          "Version": "2012-10-17",
        },
        "Policies": Array [
          Object {
            "PolicyDocument": Object {
              "Statement": Array [
                Object {
                  "Action": Array [
                    "logs:CreateLogGroup",
                    "logs:CreateLogStream",
                    "logs:PutLogEvents",
                  ],
                  "Effect": "Allow",
                  "Resource": Object {
                    "Fn::Join": Array [
                      "",
                      Array [
                        "arn:",
                        Object {
                          "Ref": "AWS::Partition",
                        },
                        ":logs:",
                        Object {
                          "Ref": "AWS::Region",
                        },
                        ":",
                        Object {
                          "Ref": "AWS::AccountId",
                        },
                        ":log-group:/aws/lambda/*",
                      ],
                    ],
                  },
                },
              ],
              "Version": "2012-10-17",
            },
            "PolicyName": "LambdaFunctionServiceRolePolicy",
          },
        ],
      },
      "Type": "AWS::IAM::Role",
    },
    "OrchestrationConstructTextRekAnalyze15062BBD": Object {
      "Metadata": Object {
        "cfn_nag": Object {
          "rules_to_suppress": Array [
            Object {
              "id": "W12",
              "reason": "The * resource allows lambda function to access Amazon Rekognition services. The Rekognition services do not have a resource arn.
                  This permission is retricted to the lambda function responsible for accessing the Amazon Rekognition service",
            },
          ],
        },
      },
      "Properties": Object {
        "PolicyDocument": Object {
          "Statement": Array [
            Object {
              "Action": "rekognition:detectText",
              "Effect": "Allow",
              "Resource": "*",
            },
          ],
          "Version": "2012-10-17",
        },
        "PolicyName": "OrchestrationConstructTextRekAnalyze15062BBD",
        "Roles": Array [
          Object {
            "Ref": "OrchestrationConstructImageAnalysisLambdaFunctionServiceRole8D0CDC70",
          },
        ],
      },
      "Type": "AWS::IAM::Policy",
    },
    "OrchestrationConstructTranslateLambdaAED204A7": Object {
      "Metadata": Object {
        "cfn_nag": Object {
          "rules_to_suppress": Array [
            Object {
              "id": "W12",
              "reason": "The * resource allows lambda function to access Amazon Translate services. The translate services do not have a resource arn.
                  This permission is retricted to the lambda function responsible for accessing the Amazon Translate service",
            },
          ],
        },
      },
      "Properties": Object {
        "PolicyDocument": Object {
          "Statement": Array [
            Object {
              "Action": "translate:translateText",
              "Effect": "Allow",
              "Resource": "*",
            },
            Object {
              "Action": Array [
                "firehose:PutRecord",
                "firehose:PutRecordBatch",
              ],
              "Effect": "Allow",
              "Resource": Object {
                "Fn::GetAtt": Array [
                  "OrchestrationConstructRawForTAKinesisFirehoseE86C4BDA",
                  "Arn",
                ],
              },
            },
          ],
          "Version": "2012-10-17",
        },
        "PolicyName": "OrchestrationConstructTranslateLambdaAED204A7",
        "Roles": Array [
          Object {
            "Ref": "OrchestrationConstructTranslateLambdaFunctionServiceRole9FDC386A",
          },
        ],
      },
      "Type": "AWS::IAM::Policy",
    },
    "OrchestrationConstructTranslateLambdaFunctionE2F10F5D": Object {
      "DependsOn": Array [
        "OrchestrationConstructTranslateLambdaFunctionServiceRoleDefaultPolicyBC54445D",
        "OrchestrationConstructTranslateLambdaFunctionServiceRole9FDC386A",
      ],
      "Metadata": Object {
        "cfn_nag": Object {
          "rules_to_suppress": Array [
            Object {
              "id": "W58",
              "reason": "Lambda functions has the required permission to write CloudWatch Logs. It uses custom policy instead of arn:aws:iam::aws:policy/service-role/AWSLambdaBasicExecutionRole with more tighter permissions.",
            },
          ],
        },
      },
      "Properties": Object {
        "Code": Object {
          "S3Bucket": Object {
            "Ref": "AssetParameters4d09efa0b9351353774aa757cfa3690a3ac5b68d0376a2eb60d8eadcf4bf73bfS3BucketAF4DF723",
          },
          "S3Key": Object {
            "Fn::Join": Array [
              "",
              Array [
                Object {
                  "Fn::Select": Array [
                    0,
                    Object {
                      "Fn::Split": Array [
                        "||",
                        Object {
                          "Ref": "AssetParameters4d09efa0b9351353774aa757cfa3690a3ac5b68d0376a2eb60d8eadcf4bf73bfS3VersionKeyBDF8C724",
                        },
                      ],
                    },
                  ],
                },
                Object {
                  "Fn::Select": Array [
                    1,
                    Object {
                      "Fn::Split": Array [
                        "||",
                        Object {
                          "Ref": "AssetParameters4d09efa0b9351353774aa757cfa3690a3ac5b68d0376a2eb60d8eadcf4bf73bfS3VersionKeyBDF8C724",
                        },
                      ],
                    },
                  ],
                },
              ],
            ],
          },
        },
        "Environment": Object {
          "Variables": Object {
            "AWS_NODEJS_CONNECTION_REUSE_ENABLED": "1",
            "KINESIS_FIREHOSE_NAME": Object {
              "Ref": "OrchestrationConstructRawForTAKinesisFirehoseE86C4BDA",
            },
          },
        },
        "Handler": "index.handler",
        "Role": Object {
          "Fn::GetAtt": Array [
            "OrchestrationConstructTranslateLambdaFunctionServiceRole9FDC386A",
            "Arn",
          ],
        },
        "Runtime": "nodejs12.x",
        "Timeout": 300,
        "TracingConfig": Object {
          "Mode": "Active",
        },
      },
      "Type": "AWS::Lambda::Function",
    },
    "OrchestrationConstructTranslateLambdaFunctionServiceRole9FDC386A": Object {
      "Properties": Object {
        "AssumeRolePolicyDocument": Object {
          "Statement": Array [
            Object {
              "Action": "sts:AssumeRole",
              "Effect": "Allow",
              "Principal": Object {
                "Service": "lambda.amazonaws.com",
              },
            },
          ],
          "Version": "2012-10-17",
        },
        "Policies": Array [
          Object {
            "PolicyDocument": Object {
              "Statement": Array [
                Object {
                  "Action": Array [
                    "logs:CreateLogGroup",
                    "logs:CreateLogStream",
                    "logs:PutLogEvents",
                  ],
                  "Effect": "Allow",
                  "Resource": Object {
                    "Fn::Join": Array [
                      "",
                      Array [
                        "arn:",
                        Object {
                          "Ref": "AWS::Partition",
                        },
                        ":logs:",
                        Object {
                          "Ref": "AWS::Region",
                        },
                        ":",
                        Object {
                          "Ref": "AWS::AccountId",
                        },
                        ":log-group:/aws/lambda/*",
                      ],
                    ],
                  },
                },
              ],
              "Version": "2012-10-17",
            },
            "PolicyName": "LambdaFunctionServiceRolePolicy",
          },
        ],
      },
      "Type": "AWS::IAM::Role",
    },
    "OrchestrationConstructTranslateLambdaFunctionServiceRoleDefaultPolicyBC54445D": Object {
      "Metadata": Object {
        "cfn_nag": Object {
          "rules_to_suppress": Array [
            Object {
              "id": "W12",
              "reason": "Lambda needs the following minimum required permissions to send trace data to X-Ray.",
            },
          ],
        },
      },
      "Properties": Object {
        "PolicyDocument": Object {
          "Statement": Array [
            Object {
              "Action": Array [
                "xray:PutTraceSegments",
                "xray:PutTelemetryRecords",
              ],
              "Effect": "Allow",
              "Resource": "*",
            },
          ],
          "Version": "2012-10-17",
        },
        "PolicyName": "OrchestrationConstructTranslateLambdaFunctionServiceRoleDefaultPolicyBC54445D",
        "Roles": Array [
          Object {
            "Ref": "OrchestrationConstructTranslateLambdaFunctionServiceRole9FDC386A",
          },
        ],
      },
      "Type": "AWS::IAM::Policy",
    },
    "TestEventBus12626D66": Object {
      "Properties": Object {
        "Name": "TestEventBus",
      },
      "Type": "AWS::Events::EventBus",
    },
    "testFunction483F4CBE": Object {
      "DependsOn": Array [
        "testFunctionServiceRoleDefaultPolicy159F3A68",
        "testFunctionServiceRoleFEC29B6F",
      ],
      "Properties": Object {
        "Code": Object {
          "S3Bucket": Object {
            "Ref": "AssetParameters454b4ce58b9dde2142db9a02a805d1d1ae7d4ee5e74771da3fcca82fbad3b46fS3BucketDAAD0FD0",
          },
          "S3Key": Object {
            "Fn::Join": Array [
              "",
              Array [
                Object {
                  "Fn::Select": Array [
                    0,
                    Object {
                      "Fn::Split": Array [
                        "||",
                        Object {
                          "Ref": "AssetParameters454b4ce58b9dde2142db9a02a805d1d1ae7d4ee5e74771da3fcca82fbad3b46fS3VersionKey0B065DDD",
                        },
                      ],
                    },
                  ],
                },
                Object {
                  "Fn::Select": Array [
                    1,
                    Object {
                      "Fn::Split": Array [
                        "||",
                        Object {
                          "Ref": "AssetParameters454b4ce58b9dde2142db9a02a805d1d1ae7d4ee5e74771da3fcca82fbad3b46fS3VersionKey0B065DDD",
                        },
                      ],
                    },
                  ],
                },
              ],
            ],
          },
        },
        "Environment": Object {
          "Variables": Object {
            "STATE_MACHINE_ARN": Object {
              "Ref": "OrchestrationConstructStateMachineWorkflowEngineStateMachineA5FF5C05",
            },
          },
        },
        "Handler": "index.handler",
        "Role": Object {
          "Fn::GetAtt": Array [
            "testFunctionServiceRoleFEC29B6F",
            "Arn",
          ],
        },
        "Runtime": "python3.8",
      },
      "Type": "AWS::Lambda::Function",
    },
    "testFunctionServiceRoleDefaultPolicy159F3A68": Object {
      "Properties": Object {
        "PolicyDocument": Object {
          "Statement": Array [
            Object {
              "Action": "states:StartExecution",
              "Effect": "Allow",
              "Resource": Object {
                "Ref": "OrchestrationConstructStateMachineWorkflowEngineStateMachineA5FF5C05",
              },
            },
          ],
          "Version": "2012-10-17",
        },
        "PolicyName": "testFunctionServiceRoleDefaultPolicy159F3A68",
        "Roles": Array [
          Object {
            "Ref": "testFunctionServiceRoleFEC29B6F",
          },
        ],
      },
      "Type": "AWS::IAM::Policy",
    },
    "testFunctionServiceRoleFEC29B6F": Object {
      "Properties": Object {
        "AssumeRolePolicyDocument": Object {
          "Statement": Array [
            Object {
              "Action": "sts:AssumeRole",
              "Effect": "Allow",
              "Principal": Object {
                "Service": "lambda.amazonaws.com",
              },
            },
          ],
          "Version": "2012-10-17",
        },
        "ManagedPolicyArns": Array [
          Object {
            "Fn::Join": Array [
              "",
              Array [
                "arn:",
                Object {
                  "Ref": "AWS::Partition",
                },
                ":iam::aws:policy/service-role/AWSLambdaBasicExecutionRole",
              ],
            ],
          },
        ],
      },
      "Type": "AWS::IAM::Role",
    },
  },
}
`;
