// Jest Snapshot v1, https://goo.gl/fbAQLP

exports[`Event Bus creation 1`] = `
Object {
  "Parameters": Object {
    "AssetParametersbac4548d66295d0afd8c4a6ab48b825793fb3b080a587e52c65d66c0892896bdArtifactHashFDCFD785": Object {
      "Description": "Artifact hash for asset \\"bac4548d66295d0afd8c4a6ab48b825793fb3b080a587e52c65d66c0892896bd\\"",
      "Type": "String",
    },
    "AssetParametersbac4548d66295d0afd8c4a6ab48b825793fb3b080a587e52c65d66c0892896bdS3BucketEC06255A": Object {
      "Description": "S3 bucket for asset \\"bac4548d66295d0afd8c4a6ab48b825793fb3b080a587e52c65d66c0892896bd\\"",
      "Type": "String",
    },
    "AssetParametersbac4548d66295d0afd8c4a6ab48b825793fb3b080a587e52c65d66c0892896bdS3VersionKey9B645B6A": Object {
      "Description": "S3 key for asset version \\"bac4548d66295d0afd8c4a6ab48b825793fb3b080a587e52c65d66c0892896bd\\"",
      "Type": "String",
    },
    "AssetParametersdab5aa92ac6951af9fe9e00a6858530a8f9b67c75ffa14428e2606abc38cb6c0ArtifactHashC79359FD": Object {
      "Description": "Artifact hash for asset \\"dab5aa92ac6951af9fe9e00a6858530a8f9b67c75ffa14428e2606abc38cb6c0\\"",
      "Type": "String",
    },
    "AssetParametersdab5aa92ac6951af9fe9e00a6858530a8f9b67c75ffa14428e2606abc38cb6c0S3Bucket110B40CE": Object {
      "Description": "S3 bucket for asset \\"dab5aa92ac6951af9fe9e00a6858530a8f9b67c75ffa14428e2606abc38cb6c0\\"",
      "Type": "String",
    },
    "AssetParametersdab5aa92ac6951af9fe9e00a6858530a8f9b67c75ffa14428e2606abc38cb6c0S3VersionKey1C152D87": Object {
      "Description": "S3 key for asset version \\"dab5aa92ac6951af9fe9e00a6858530a8f9b67c75ffa14428e2606abc38cb6c0\\"",
      "Type": "String",
    },
  },
  "Resources": Object {
    "TwitterSearchNestedStackTwitterSearchNestedStackResource6905E30B": Object {
      "DeletionPolicy": "Delete",
      "Properties": Object {
        "Parameters": Object {
          "EventBus": Object {
            "Fn::GetAtt": Array [
              "testBus07EAAD3A",
              "Arn",
            ],
          },
          "IngestQueryFrequency": "cron(0 5 * * ? *)",
          "QueryParameter": "fakequery",
          "SSMPathForCredentials": "/discovering-hot-topics-using-machine-learning/discovering-hot-topics-using-machine-learning/twitter",
          "SuppertedLang": "en,es,fr",
          "referencetoAssetParametersbac4548d66295d0afd8c4a6ab48b825793fb3b080a587e52c65d66c0892896bdS3BucketEC06255ARef": Object {
            "Ref": "AssetParametersbac4548d66295d0afd8c4a6ab48b825793fb3b080a587e52c65d66c0892896bdS3BucketEC06255A",
          },
          "referencetoAssetParametersbac4548d66295d0afd8c4a6ab48b825793fb3b080a587e52c65d66c0892896bdS3VersionKey9B645B6ARef": Object {
            "Ref": "AssetParametersbac4548d66295d0afd8c4a6ab48b825793fb3b080a587e52c65d66c0892896bdS3VersionKey9B645B6A",
          },
        },
        "TemplateURL": Object {
          "Fn::Join": Array [
            "",
            Array [
              "https://s3.",
              Object {
                "Ref": "AWS::Region",
              },
              ".",
              Object {
                "Ref": "AWS::URLSuffix",
              },
              "/",
              Object {
                "Ref": "AssetParametersdab5aa92ac6951af9fe9e00a6858530a8f9b67c75ffa14428e2606abc38cb6c0S3Bucket110B40CE",
              },
              "/",
              Object {
                "Fn::Select": Array [
                  0,
                  Object {
                    "Fn::Split": Array [
                      "||",
                      Object {
                        "Ref": "AssetParametersdab5aa92ac6951af9fe9e00a6858530a8f9b67c75ffa14428e2606abc38cb6c0S3VersionKey1C152D87",
                      },
                    ],
                  },
                ],
              },
              Object {
                "Fn::Select": Array [
                  1,
                  Object {
                    "Fn::Split": Array [
                      "||",
                      Object {
                        "Ref": "AssetParametersdab5aa92ac6951af9fe9e00a6858530a8f9b67c75ffa14428e2606abc38cb6c0S3VersionKey1C152D87",
                      },
                    ],
                  },
                ],
              },
            ],
          ],
        },
      },
      "Type": "AWS::CloudFormation::Stack",
      "UpdateReplacePolicy": "Delete",
    },
    "testBus07EAAD3A": Object {
      "Properties": Object {
        "Name": "testBus",
      },
      "Type": "AWS::Events::EventBus",
    },
  },
}
`;
