// Jest Snapshot v1, https://goo.gl/fbAQLP

exports[`Event Bus creation 1`] = `
{
  "Parameters": {
    "AssetParameters7cc1a9613ea169e0e583ba24b5245f6036d067101c06aec359c3786610803605ArtifactHash22082629": {
      "Description": "Artifact hash for asset "7cc1a9613ea169e0e583ba24b5245f6036d067101c06aec359c3786610803605"",
      "Type": "String",
    },
    "AssetParameters7cc1a9613ea169e0e583ba24b5245f6036d067101c06aec359c3786610803605S3BucketC2591D75": {
      "Description": "S3 bucket for asset "7cc1a9613ea169e0e583ba24b5245f6036d067101c06aec359c3786610803605"",
      "Type": "String",
    },
    "AssetParameters7cc1a9613ea169e0e583ba24b5245f6036d067101c06aec359c3786610803605S3VersionKeyF93DC4B1": {
      "Description": "S3 key for asset version "7cc1a9613ea169e0e583ba24b5245f6036d067101c06aec359c3786610803605"",
      "Type": "String",
    },
    "AssetParametersa8e5a88d2483896c9a756745134f3ecbe3fc086b88088c41f2e21c5def2134bbArtifactHash7CAE3867": {
      "Description": "Artifact hash for asset "a8e5a88d2483896c9a756745134f3ecbe3fc086b88088c41f2e21c5def2134bb"",
      "Type": "String",
    },
    "AssetParametersa8e5a88d2483896c9a756745134f3ecbe3fc086b88088c41f2e21c5def2134bbS3BucketCC6F000C": {
      "Description": "S3 bucket for asset "a8e5a88d2483896c9a756745134f3ecbe3fc086b88088c41f2e21c5def2134bb"",
      "Type": "String",
    },
    "AssetParametersa8e5a88d2483896c9a756745134f3ecbe3fc086b88088c41f2e21c5def2134bbS3VersionKey9DD9D3A1": {
      "Description": "S3 key for asset version "a8e5a88d2483896c9a756745134f3ecbe3fc086b88088c41f2e21c5def2134bb"",
      "Type": "String",
    },
  },
  "Resources": {
    "TwitterSearchNestedStackTwitterSearchNestedStackResource6905E30B": {
      "DeletionPolicy": "Delete",
      "Properties": {
        "Parameters": {
          "EventBus": {
            "Fn::GetAtt": [
              "testBus07EAAD3A",
              "Arn",
            ],
          },
          "IngestQueryFrequency": "cron(0 5 * * ? *)",
          "QueryParameter": "fakequery",
          "SSMPathForCredentials": "/discovering-hot-topics-using-machine-learning/discovering-hot-topics-using-machine-learning/twitter",
          "SuppertedLang": "en,es,fr",
          "referencetoAssetParameters7cc1a9613ea169e0e583ba24b5245f6036d067101c06aec359c3786610803605S3BucketC2591D75Ref": {
            "Ref": "AssetParameters7cc1a9613ea169e0e583ba24b5245f6036d067101c06aec359c3786610803605S3BucketC2591D75",
          },
          "referencetoAssetParameters7cc1a9613ea169e0e583ba24b5245f6036d067101c06aec359c3786610803605S3VersionKeyF93DC4B1Ref": {
            "Ref": "AssetParameters7cc1a9613ea169e0e583ba24b5245f6036d067101c06aec359c3786610803605S3VersionKeyF93DC4B1",
          },
        },
        "TemplateURL": {
          "Fn::Join": [
            "",
            [
              "https://s3.",
              {
                "Ref": "AWS::Region",
              },
              ".",
              {
                "Ref": "AWS::URLSuffix",
              },
              "/",
              {
                "Ref": "AssetParametersa8e5a88d2483896c9a756745134f3ecbe3fc086b88088c41f2e21c5def2134bbS3BucketCC6F000C",
              },
              "/",
              {
                "Fn::Select": [
                  0,
                  {
                    "Fn::Split": [
                      "||",
                      {
                        "Ref": "AssetParametersa8e5a88d2483896c9a756745134f3ecbe3fc086b88088c41f2e21c5def2134bbS3VersionKey9DD9D3A1",
                      },
                    ],
                  },
                ],
              },
              {
                "Fn::Select": [
                  1,
                  {
                    "Fn::Split": [
                      "||",
                      {
                        "Ref": "AssetParametersa8e5a88d2483896c9a756745134f3ecbe3fc086b88088c41f2e21c5def2134bbS3VersionKey9DD9D3A1",
                      },
                    ],
                  },
                ],
              },
            ],
          ],
        },
      },
      "Type": "AWS::CloudFormation::Stack",
      "UpdateReplacePolicy": "Delete",
    },
    "testBus07EAAD3A": {
      "Properties": {
        "Name": "testBus",
      },
      "Type": "AWS::Events::EventBus",
    },
  },
}
`;
