// Jest Snapshot v1, https://goo.gl/fbAQLP

exports[`test youtube ingestion stack 1`] = `
{
  "Conditions": {
    "AwsCdkKinesisEncryptedStreamsUnsupportedRegions": {
      "Fn::Or": [
        {
          "Fn::Equals": [
            {
              "Ref": "AWS::Region",
            },
            "cn-north-1",
          ],
        },
        {
          "Fn::Equals": [
            {
              "Ref": "AWS::Region",
            },
            "cn-northwest-1",
          ],
        },
      ],
    },
  },
  "Parameters": {
    "AssetParameters98364d1a4859f9c5fa121184d65862936c49058d445a9388c1f4ba053436c5f7ArtifactHash39B6343D": {
      "Description": "Artifact hash for asset "98364d1a4859f9c5fa121184d65862936c49058d445a9388c1f4ba053436c5f7"",
      "Type": "String",
    },
    "AssetParameters98364d1a4859f9c5fa121184d65862936c49058d445a9388c1f4ba053436c5f7S3Bucket00D6C89A": {
      "Description": "S3 bucket for asset "98364d1a4859f9c5fa121184d65862936c49058d445a9388c1f4ba053436c5f7"",
      "Type": "String",
    },
    "AssetParameters98364d1a4859f9c5fa121184d65862936c49058d445a9388c1f4ba053436c5f7S3VersionKeyCD3F4149": {
      "Description": "S3 key for asset version "98364d1a4859f9c5fa121184d65862936c49058d445a9388c1f4ba053436c5f7"",
      "Type": "String",
    },
    "AssetParametersf9e37786738a8f7537d6b509f26dc2579367f04ee813fb222d39def783f2d495ArtifactHash76343B10": {
      "Description": "Artifact hash for asset "f9e37786738a8f7537d6b509f26dc2579367f04ee813fb222d39def783f2d495"",
      "Type": "String",
    },
    "AssetParametersf9e37786738a8f7537d6b509f26dc2579367f04ee813fb222d39def783f2d495S3Bucket9BC49B99": {
      "Description": "S3 bucket for asset "f9e37786738a8f7537d6b509f26dc2579367f04ee813fb222d39def783f2d495"",
      "Type": "String",
    },
    "AssetParametersf9e37786738a8f7537d6b509f26dc2579367f04ee813fb222d39def783f2d495S3VersionKey0ACCEA91": {
      "Description": "S3 key for asset version "f9e37786738a8f7537d6b509f26dc2579367f04ee813fb222d39def783f2d495"",
      "Type": "String",
    },
  },
  "Resources": {
    "BusEA82B648": {
      "Properties": {
        "Name": "Bus",
      },
      "Type": "AWS::Events::EventBus",
    },
    "Stream790BDEE4": {
      "Properties": {
        "RetentionPeriodHours": 24,
        "ShardCount": 1,
        "StreamEncryption": {
          "Fn::If": [
            "AwsCdkKinesisEncryptedStreamsUnsupportedRegions",
            {
              "Ref": "AWS::NoValue",
            },
            {
              "EncryptionType": "KMS",
              "KeyId": "alias/aws/kinesis",
            },
          ],
        },
        "StreamModeDetails": {
          "StreamMode": "PROVISIONED",
        },
      },
      "Type": "AWS::Kinesis::Stream",
    },
    "YouTubeCommentsIngestionNestedStackYouTubeCommentsIngestionNestedStackResource900B4A6F": {
      "DeletionPolicy": "Delete",
      "Properties": {
        "Parameters": {
          "EventBus": {
            "Fn::GetAtt": [
              "BusEA82B648",
              "Arn",
            ],
          },
          "StreamARN": {
            "Fn::GetAtt": [
              "Stream790BDEE4",
              "Arn",
            ],
          },
          "YouTubeSearchIngestionFreq": "cron(0 12 * * ? *)",
          "YoutubeAPIKey": "fakeKey",
          "YoutubeSearchQuery": "fakeSearchString",
          "referencetoAssetParametersf9e37786738a8f7537d6b509f26dc2579367f04ee813fb222d39def783f2d495S3Bucket9BC49B99Ref": {
            "Ref": "AssetParametersf9e37786738a8f7537d6b509f26dc2579367f04ee813fb222d39def783f2d495S3Bucket9BC49B99",
          },
          "referencetoAssetParametersf9e37786738a8f7537d6b509f26dc2579367f04ee813fb222d39def783f2d495S3VersionKey0ACCEA91Ref": {
            "Ref": "AssetParametersf9e37786738a8f7537d6b509f26dc2579367f04ee813fb222d39def783f2d495S3VersionKey0ACCEA91",
          },
        },
        "TemplateURL": {
          "Fn::Join": [
            "",
            [
              "https://s3.",
              {
                "Ref": "AWS::Region",
              },
              ".",
              {
                "Ref": "AWS::URLSuffix",
              },
              "/",
              {
                "Ref": "AssetParameters98364d1a4859f9c5fa121184d65862936c49058d445a9388c1f4ba053436c5f7S3Bucket00D6C89A",
              },
              "/",
              {
                "Fn::Select": [
                  0,
                  {
                    "Fn::Split": [
                      "||",
                      {
                        "Ref": "AssetParameters98364d1a4859f9c5fa121184d65862936c49058d445a9388c1f4ba053436c5f7S3VersionKeyCD3F4149",
                      },
                    ],
                  },
                ],
              },
              {
                "Fn::Select": [
                  1,
                  {
                    "Fn::Split": [
                      "||",
                      {
                        "Ref": "AssetParameters98364d1a4859f9c5fa121184d65862936c49058d445a9388c1f4ba053436c5f7S3VersionKeyCD3F4149",
                      },
                    ],
                  },
                ],
              },
            ],
          ],
        },
      },
      "Type": "AWS::CloudFormation::Stack",
      "UpdateReplacePolicy": "Delete",
    },
  },
}
`;
